Component: ARM Compiler 5.05 update 2 (build 169) Tool: armlink [4d0f33]

==============================================================================

Section Cross References

    main.o(.text) refers to _printf_percent.o(.ARM.Collect$$_printf_percent$$00000000) for _printf_percent
    main.o(.text) refers to _printf_c.o(.ARM.Collect$$_printf_percent$$00000013) for _printf_c
    main.o(.text) refers to _printf_str.o(.text) for _printf_str
    main.o(.text) refers to gui.o(.text) for gui_show_str_center
    main.o(.text) refers to delay.o(.text) for delay_init
    main.o(.text) refers to misc.o(.text) for NVIC_PriorityGroupConfig
    main.o(.text) refers to usart.o(.text) for uart_init
    main.o(.text) refers to noretval__2printf.o(.text) for __2printf
    main.o(.text) refers to key.o(.text) for MOS_Init
    main.o(.text) refers to ds2438_driver.o(.text) for ds2438_init
    main.o(.text) refers to lcd.o(.text) for LCD_Init
    main.o(.text) refers to adc.o(.text) for ADC_init
    main.o(.text) refers to fmul.o(x$fpl$fmul) for __aeabi_fmul
    main.o(.text) refers to fdiv.o(x$fpl$fdiv) for __aeabi_fdiv
    main.o(.text) refers to ffix.o(x$fpl$ffix) for __aeabi_f2iz
    main.o(.text) refers to pwm.o(.text) for PWM_init
    main.o(.text) refers to fontupd.o(.text) for font_init
    main.o(.text) refers to button.o(.text) for menu_button
    main.o(.text) refers to time.o(.text) for TIMER_init
    main.o(.text) refers to fflt_clz.o(x$fpl$ffltu) for __aeabi_ui2f
    main.o(.text) refers to faddsub_clz.o(x$fpl$fadd) for __aeabi_fadd
    main.o(.text) refers to f2d.o(x$fpl$f2d) for __aeabi_f2d
    main.o(.text) refers to dmul.o(x$fpl$dmul) for __aeabi_dmul
    main.o(.text) refers to d2f.o(x$fpl$d2f) for __aeabi_d2f
    main.o(.text) refers to fflt_clz.o(x$fpl$fflt) for __aeabi_i2f
    main.o(.text) refers to faddsub_clz.o(x$fpl$frsb) for __aeabi_frsub
    main.o(.text) refers to ffixu.o(x$fpl$ffixu) for __aeabi_f2uiz
    main.o(.text) refers to drleqf.o(x$fpl$drleqf) for __aeabi_cdrcmple
    main.o(.text) refers to daddsub_clz.o(x$fpl$dsub) for __aeabi_dsub
    main.o(.text) refers to main.o(.data) for PWM_ctr
    main.o(.text) refers to touch.o(.data) for tp_dev
    main.o(.text) refers to lcd.o(.data) for POINT_COLOR
    main.o(.text) refers to ds2438_driver.o(.data) for RomCode
    main.o(.text) refers to main.o(.bss) for AD_C
    main.o(.text) refers to daddsub_clz.o(x$fpl$drsb) for __aeabi_drsub
    main.o(.text) refers to faddsub_clz.o(x$fpl$fsub) for __aeabi_fsub
    main.o(.text) refers to dleqf.o(x$fpl$dleqf) for __aeabi_cdcmple
    main.o(.text) refers to fleqf.o(x$fpl$fleqf) for __aeabi_cfcmple
    main.o(.text) refers to frleqf.o(x$fpl$frleqf) for __aeabi_cfrcmple
    main.o(.text) refers to stm32f10x_tim.o(.text) for TIM_GetITStatus
    main.o(.text) refers to stm32f10x_gpio.o(.text) for GPIO_SetBits
    system_stm32f10x.o(.text) refers to system_stm32f10x.o(.data) for SystemCoreClock
    key.o(.text) refers to stm32f10x_rcc.o(.text) for RCC_APB2PeriphClockCmd
    key.o(.text) refers to stm32f10x_gpio.o(.text) for GPIO_Init
    key.o(.text) refers to delay.o(.text) for delay_ms
    key.o(.text) refers to key.o(.data) for key_up
    lcd.o(.text) refers to _printf_percent.o(.ARM.Collect$$_printf_percent$$00000000) for _printf_percent
    lcd.o(.text) refers to _printf_x.o(.ARM.Collect$$_printf_percent$$0000000C) for _printf_x
    lcd.o(.text) refers to _printf_hex_int.o(.text) for _printf_longlong_hex
    lcd.o(.text) refers to delay.o(.text) for delay_us
    lcd.o(.text) refers to lcd.o(.bss) for lcddev
    lcd.o(.text) refers to lcd.o(.data) for POINT_COLOR
    lcd.o(.text) refers to dflt_clz.o(x$fpl$dfltu) for __aeabi_ui2d
    lcd.o(.text) refers to dmul.o(x$fpl$dmul) for __aeabi_dmul
    lcd.o(.text) refers to dfixu.o(x$fpl$dfixu) for __aeabi_d2uiz
    lcd.o(.text) refers to stm32f10x_rcc.o(.text) for RCC_AHBPeriphClockCmd
    lcd.o(.text) refers to stm32f10x_gpio.o(.text) for GPIO_Init
    lcd.o(.text) refers to stm32f10x_fsmc.o(.text) for FSMC_NORSRAMInit
    lcd.o(.text) refers to noretval__2printf.o(.text) for __2printf
    lcd.o(.text) refers to lcd.o(.constdata) for asc2_1206
    spi.o(.text) refers to stm32f10x_spi.o(.text) for SPI_I2S_GetFlagStatus
    spi.o(.text) refers to stm32f10x_rcc.o(.text) for RCC_APB2PeriphClockCmd
    spi.o(.text) refers to stm32f10x_gpio.o(.text) for GPIO_Init
    w25qxx.o(.text) refers to _printf_percent.o(.ARM.Collect$$_printf_percent$$00000000) for _printf_percent
    w25qxx.o(.text) refers to _printf_x.o(.ARM.Collect$$_printf_percent$$0000000C) for _printf_x
    w25qxx.o(.text) refers to _printf_hex_int.o(.text) for _printf_longlong_hex
    w25qxx.o(.text) refers to spi.o(.text) for SPI2_ReadWriteByte
    w25qxx.o(.text) refers to stm32f10x_rcc.o(.text) for RCC_APB2PeriphClockCmd
    w25qxx.o(.text) refers to stm32f10x_gpio.o(.text) for GPIO_Init
    w25qxx.o(.text) refers to noretval__2printf.o(.text) for __2printf
[...]
    EXTI15_10_IRQHandler                     0x0800a47f   Thumb Code     0  startup_stm32f10x_hd.o(.text)
    EXTI1_IRQHandler                         0x0800a47f   Thumb Code     0  startup_stm32f10x_hd.o(.text)
    EXTI2_IRQHandler                         0x0800a47f   Thumb Code     0  startup_stm32f10x_hd.o(.text)
    EXTI3_IRQHandler                         0x0800a47f   Thumb Code     0  startup_stm32f10x_hd.o(.text)
    EXTI4_IRQHandler                         0x0800a47f   Thumb Code     0  startup_stm32f10x_hd.o(.text)
    EXTI9_5_IRQHandler                       0x0800a47f   Thumb Code     0  startup_stm32f10x_hd.o(.text)
    FLASH_IRQHandler                         0x0800a47f   Thumb Code     0  startup_stm32f10x_hd.o(.text)
    FSMC_IRQHandler                          0x0800a47f   Thumb Code     0  startup_stm32f10x_hd.o(.text)
    I2C1_ER_IRQHandler                       0x0800a47f   Thumb Code     0  startup_stm32f10x_hd.o(.text)
    I2C1_EV_IRQHandler                       0x0800a47f   Thumb Code     0  startup_stm32f10x_hd.o(.text)
    I2C2_ER_IRQHandler                       0x0800a47f   Thumb Code     0  startup_stm32f10x_hd.o(.text)
    I2C2_EV_IRQHandler                       0x0800a47f   Thumb Code     0  startup_stm32f10x_hd.o(.text)
    PVD_IRQHandler                           0x0800a47f   Thumb Code     0  startup_stm32f10x_hd.o(.text)
    RCC_IRQHandler                           0x0800a47f   Thumb Code     0  startup_stm32f10x_hd.o(.text)
    RTCAlarm_IRQHandler                      0x0800a47f   Thumb Code     0  startup_stm32f10x_hd.o(.text)
    RTC_IRQHandler                           0x0800a47f   Thumb Code     0  startup_stm32f10x_hd.o(.text)
    SPI1_IRQHandler                          0x0800a47f   Thumb Code     0  startup_stm32f10x_hd.o(.text)
    SPI2_IRQHandler                          0x0800a47f   Thumb Code     0  startup_stm32f10x_hd.o(.text)
    SPI3_IRQHandler                          0x0800a47f   Thumb Code     0  startup_stm32f10x_hd.o(.text)
    TAMPER_IRQHandler                        0x0800a47f   Thumb Code     0  startup_stm32f10x_hd.o(.text)
    TIM1_BRK_IRQHandler                      0x0800a47f   Thumb Code     0  startup_stm32f10x_hd.o(.text)
    TIM1_CC_IRQHandler                       0x0800a47f   Thumb Code     0  startup_stm32f10x_hd.o(.text)
    TIM1_TRG_COM_IRQHandler                  0x0800a47f   Thumb Code     0  startup_stm32f10x_hd.o(.text)
    TIM1_UP_IRQHandler                       0x0800a47f   Thumb Code     0  startup_stm32f10x_hd.o(.text)
    TIM3_IRQHandler                          0x0800a47f   Thumb Code     0  startup_stm32f10x_hd.o(.text)
    TIM5_IRQHandler                          0x0800a47f   Thumb Code     0  startup_stm32f10x_hd.o(.text)
    TIM6_IRQHandler                          0x0800a47f   Thumb Code     0  startup_stm32f10x_hd.o(.text)
    TIM7_IRQHandler                          0x0800a47f   Thumb Code     0  startup_stm32f10x_hd.o(.text)
    TIM8_BRK_IRQHandler                      0x0800a47f   Thumb Code     0  startup_stm32f10x_hd.o(.text)
    TIM8_CC_IRQHandler                       0x0800a47f   Thumb Code     0  startup_stm32f10x_hd.o(.text)
    TIM8_TRG_COM_IRQHandler                  0x0800a47f   Thumb Code     0  startup_stm32f10x_hd.o(.text)
    TIM8_UP_IRQHandler                       0x0800a47f   Thumb Code     0  startup_stm32f10x_hd.o(.text)
    UART4_IRQHandler                         0x0800a47f   Thumb Code     0  startup_stm32f10x_hd.o(.text)
    UART5_IRQHandler                         0x0800a47f   Thumb Code     0  startup_stm32f10x_hd.o(.text)
    USART2_IRQHandler                        0x0800a47f   Thumb Code     0  startup_stm32f10x_hd.o(.text)
    USART3_IRQHandler                        0x0800a47f   Thumb Code     0  startup_stm32f10x_hd.o(.text)
    USBWakeUp_IRQHandler                     0x0800a47f   Thumb Code     0  startup_stm32f10x_hd.o(.text)
    USB_HP_CAN1_TX_IRQHandler                0x0800a47f   Thumb Code     0  startup_stm32f10x_hd.o(.text)
    USB_LP_CAN1_RX0_IRQHandler               0x0800a47f   Thumb Code     0  startup_stm32f10x_hd.o(.text)
    WWDG_IRQHandler                          0x0800a47f   Thumb Code     0  startup_stm32f10x_hd.o(.text)
    __user_initial_stackheap                 0x0800a481   Thumb Code     0  startup_stm32f10x_hd.o(.text)
    NVIC_PriorityGroupConfig                 0x0800a4a5   Thumb Code    10  misc.o(.text)
    NVIC_Init                                0x0800a4af   Thumb Code   100  misc.o(.text)
    NVIC_SetVectorTable                      0x0800a513   Thumb Code    14  misc.o(.text)
    NVIC_SystemLPConfig                      0x0800a521   Thumb Code    34  misc.o(.text)
    SysTick_CLKSourceConfig                  0x0800a543   Thumb Code    40  misc.o(.text)
    FSMC_NORSRAMDeInit                       0x0800a581   Thumb Code    54  stm32f10x_fsmc.o(.text)
    FSMC_NANDDeInit                          0x0800a5b7   Thumb Code    62  stm32f10x_fsmc.o(.text)
    FSMC_PCCARDDeInit                        0x0800a5f5   Thumb Code    36  stm32f10x_fsmc.o(.text)
    FSMC_NORSRAMInit                         0x0800a619   Thumb Code   230  stm32f10x_fsmc.o(.text)
    FSMC_NANDInit                            0x0800a6ff   Thumb Code   132  stm32f10x_fsmc.o(.text)
    FSMC_PCCARDInit                          0x0800a783   Thumb Code   130  stm32f10x_fsmc.o(.text)
    FSMC_NORSRAMStructInit                   0x0800a805   Thumb Code   114  stm32f10x_fsmc.o(.text)
    FSMC_NANDStructInit                      0x0800a877   Thumb Code    54  stm32f10x_fsmc.o(.text)
    FSMC_PCCARDStructInit                    0x0800a8ad   Thumb Code    60  stm32f10x_fsmc.o(.text)
    FSMC_NORSRAMCmd                          0x0800a8e9   Thumb Code    46  stm32f10x_fsmc.o(.text)
    FSMC_NANDCmd                             0x0800a917   Thumb Code    86  stm32f10x_fsmc.o(.text)
    FSMC_PCCARDCmd                           0x0800a96d   Thumb Code    44  stm32f10x_fsmc.o(.text)
    FSMC_NANDECCCmd                          0x0800a999   Thumb Code    90  stm32f10x_fsmc.o(.text)
    FSMC_GetECC                              0x0800a9f3   Thumb Code    24  stm32f10x_fsmc.o(.text)
    FSMC_ITConfig                            0x0800aa0b   Thumb Code   128  stm32f10x_fsmc.o(.text)
    FSMC_GetFlagStatus                       0x0800aa8b   Thumb Code    54  stm32f10x_fsmc.o(.text)
    FSMC_ClearFlag                           0x0800aac1   Thumb Code    62  stm32f10x_fsmc.o(.text)
    FSMC_GetITStatus                         0x0800aaff   Thumb Code    64  stm32f10x_fsmc.o(.text)
    FSMC_ClearITPendingBit                   0x0800ab3f   Thumb Code    68  stm32f10x_fsmc.o(.text)
    GPIO_DeInit                              0x0800ab8d   Thumb Code   172  stm32f10x_gpio.o(.text)
    GPIO_AFIODeInit                          0x0800ac39   Thumb Code    20  stm32f10x_gpio.o(.text)
    GPIO_Init                                0x0800ac4d   Thumb Code   278  stm32f10x_gpio.o(.text)
    GPIO_StructInit                          0x0800ad63   Thumb Code    16  stm32f10x_gpio.o(.text)
    GPIO_ReadInputDataBit                    0x0800ad73   Thumb Code    18  stm32f10x_gpio.o(.text)
    GPIO_ReadInputData                       0x0800ad85   Thumb Code     8  stm32f10x_gpio.o(.text)
    GPIO_ReadOutputDataBit                   0x0800ad8d   Thumb Code    18  stm32f10x_gpio.o(.text)
    GPIO_ReadOutputData                      0x0800ad9f   Thumb Code     8  stm32f10x_gpio.o(.text)
    GPIO_SetBits                             0x0800ada7   Thumb Code     4  stm32f10x_gpio.o(.text)
    GPIO_ResetBits                           0x0800adab   Thumb Code     4  stm32f10x_gpio.o(.text)
    GPIO_WriteBit                            0x0800adaf   Thumb Code    10  stm32f10x_gpio.o(.text)
    GPIO_Write                               0x0800adb9   Thumb Code     4  stm32f10x_gpio.o(.text)
    GPIO_PinLockConfig                       0x0800adbd   Thumb Code    18  stm32f10x_gpio.o(.text)
    GPIO_EventOutputConfig                   0x0800adcf   Thumb Code    26  stm32f10x_gpio.o(.text)
    GPIO_EventOutputCmd                      0x0800ade9   Thumb Code     6  stm32f10x_gpio.o(.text)
    GPIO_PinRemapConfig                      0x0800adef   Thumb Code   138  stm32f10x_gpio.o(.text)
    GPIO_EXTILineConfig                      0x0800ae79   Thumb Code    66  stm32f10x_gpio.o(.text)
    GPIO_ETH_MediaInterfaceConfig            0x0800aebb   Thumb Code     8  stm32f10x_gpio.o(.text)
    RCC_DeInit                               0x0800aee9   Thumb Code    64  stm32f10x_rcc.o(.text)
    RCC_HSEConfig                            0x0800af29   Thumb Code    70  stm32f10x_rcc.o(.text)
    RCC_GetFlagStatus                        0x0800af6f   Thumb Code    56  stm32f10x_rcc.o(.text)
    RCC_WaitForHSEStartUp                    0x0800afa7   Thumb Code    56  stm32f10x_rcc.o(.text)
    RCC_AdjustHSICalibrationValue            0x0800afdf   Thumb Code    20  stm32f10x_rcc.o(.text)
    RCC_HSICmd                               0x0800aff3   Thumb Code     6  stm32f10x_rcc.o(.text)
    RCC_PLLConfig                            0x0800aff9   Thumb Code    24  stm32f10x_rcc.o(.text)
    RCC_PLLCmd                               0x0800b011   Thumb Code     6  stm32f10x_rcc.o(.text)
    RCC_SYSCLKConfig                         0x0800b017   Thumb Code    18  stm32f10x_rcc.o(.text)
    RCC_GetSYSCLKSource                      0x0800b029   Thumb Code    10  stm32f10x_rcc.o(.text)
    RCC_HCLKConfig                           0x0800b033   Thumb Code    18  stm32f10x_rcc.o(.text)
    RCC_PCLK1Config                          0x0800b045   Thumb Code    18  stm32f10x_rcc.o(.text)
    RCC_PCLK2Config                          0x0800b057   Thumb Code    20  stm32f10x_rcc.o(.text)
    RCC_ITConfig                             0x0800b06b   Thumb Code    26  stm32f10x_rcc.o(.text)
    RCC_USBCLKConfig                         0x0800b085   Thumb Code     8  stm32f10x_rcc.o(.text)
    RCC_ADCCLKConfig                         0x0800b08d   Thumb Code    18  stm32f10x_rcc.o(.text)
    RCC_LSEConfig                            0x0800b09f   Thumb Code    50  stm32f10x_rcc.o(.text)
    RCC_LSICmd                               0x0800b0d1   Thumb Code     6  stm32f10x_rcc.o(.text)
    RCC_RTCCLKConfig                         0x0800b0d7   Thumb Code    12  stm32f10x_rcc.o(.text)
    RCC_RTCCLKCmd                            0x0800b0e3   Thumb Code     8  stm32f10x_rcc.o(.text)
    RCC_GetClocksFreq                        0x0800b0eb   Thumb Code   192  stm32f10x_rcc.o(.text)
    RCC_AHBPeriphClockCmd                    0x0800b1ab   Thumb Code    26  stm32f10x_rcc.o(.text)
    RCC_APB2PeriphClockCmd                   0x0800b1c5   Thumb Code    26  stm32f10x_rcc.o(.text)
    RCC_APB1PeriphClockCmd                   0x0800b1df   Thumb Code    26  stm32f10x_rcc.o(.text)
    RCC_APB2PeriphResetCmd                   0x0800b1f9   Thumb Code    26  stm32f10x_rcc.o(.text)
    RCC_APB1PeriphResetCmd                   0x0800b213   Thumb Code    26  stm32f10x_rcc.o(.text)
    RCC_BackupResetCmd                       0x0800b22d   Thumb Code     8  stm32f10x_rcc.o(.text)
    RCC_ClockSecuritySystemCmd               0x0800b235   Thumb Code     6  stm32f10x_rcc.o(.text)
    RCC_MCOConfig                            0x0800b23b   Thumb Code     6  stm32f10x_rcc.o(.text)
    RCC_ClearFlag                            0x0800b241   Thumb Code    14  stm32f10x_rcc.o(.text)
    RCC_GetITStatus                          0x0800b24f   Thumb Code    20  stm32f10x_rcc.o(.text)
    RCC_ClearITPendingBit                    0x0800b263   Thumb Code     6  stm32f10x_rcc.o(.text)
    SPI_I2S_DeInit                           0x0800b28d   Thumb Code    76  stm32f10x_spi.o(.text)
    SPI_Init                                 0x0800b2d9   Thumb Code    60  stm32f10x_spi.o(.text)
    I2S_Init                                 0x0800b315   Thumb Code   226  stm32f10x_spi.o(.text)
    SPI_StructInit                           0x0800b3f7   Thumb Code    24  stm32f10x_spi.o(.text)
    I2S_StructInit                           0x0800b40f   Thumb Code    20  stm32f10x_spi.o(.text)
    SPI_Cmd                                  0x0800b423   Thumb Code    24  stm32f10x_spi.o(.text)
    I2S_Cmd                                  0x0800b43b   Thumb Code    24  stm32f10x_spi.o(.text)
    SPI_I2S_ITConfig                         0x0800b453   Thumb Code    32  stm32f10x_spi.o(.text)
    SPI_I2S_DMACmd                           0x0800b473   Thumb Code    18  stm32f10x_spi.o(.text)
    SPI_I2S_SendData                         0x0800b485   Thumb Code     4  stm32f10x_spi.o(.text)
    SPI_I2S_ReceiveData                      0x0800b489   Thumb Code     6  stm32f10x_spi.o(.text)
    SPI_NSSInternalSoftwareConfig            0x0800b48f   Thumb Code    30  stm32f10x_spi.o(.text)
    SPI_SSOutputCmd                          0x0800b4ad   Thumb Code    24  stm32f10x_spi.o(.text)
    SPI_DataSizeConfig                       0x0800b4c5   Thumb Code    18  stm32f10x_spi.o(.text)
    SPI_TransmitCRC                          0x0800b4d7   Thumb Code    10  stm32f10x_spi.o(.text)
    SPI_CalculateCRC                         0x0800b4e1   Thumb Code    24  stm32f10x_spi.o(.text)
    SPI_GetCRC                               0x0800b4f9   Thumb Code    16  stm32f10x_spi.o(.text)
    SPI_GetCRCPolynomial                     0x0800b509   Thumb Code     6  stm32f10x_spi.o(.text)
    SPI_BiDirectionalLineConfig              0x0800b50f   Thumb Code    28  stm32f10x_spi.o(.text)
    SPI_I2S_GetFlagStatus                    0x0800b52b   Thumb Code    18  stm32f10x_spi.o(.text)
    SPI_I2S_ClearFlag                        0x0800b53d   Thumb Code     6  stm32f10x_spi.o(.text)
    SPI_I2S_GetITStatus                      0x0800b543   Thumb Code    52  stm32f10x_spi.o(.text)
    SPI_I2S_ClearITPendingBit                0x0800b577   Thumb Code    20  stm32f10x_spi.o(.text)
    USART_DeInit                             0x0800b599   Thumb Code   134  stm32f10x_usart.o(.text)
    USART_Init                               0x0800b61f   Thumb Code   210  stm32f10x_usart.o(.text)
    USART_StructInit                         0x0800b6f1   Thumb Code    24  stm32f10x_usart.o(.text)
    USART_ClockInit                          0x0800b709   Thumb Code    34  stm32f10x_usart.o(.text)
    USART_ClockStructInit                    0x0800b72b   Thumb Code    12  stm32f10x_usart.o(.text)
    USART_Cmd                                0x0800b737   Thumb Code    24  stm32f10x_usart.o(.text)
    USART_ITConfig                           0x0800b74f   Thumb Code    74  stm32f10x_usart.o(.text)
    USART_DMACmd                             0x0800b799   Thumb Code    18  stm32f10x_usart.o(.text)
    USART_SetAddress                         0x0800b7ab   Thumb Code    18  stm32f10x_usart.o(.text)
    USART_WakeUpConfig                       0x0800b7bd   Thumb Code    18  stm32f10x_usart.o(.text)
    USART_ReceiverWakeUpCmd                  0x0800b7cf   Thumb Code    24  stm32f10x_usart.o(.text)
    USART_LINBreakDetectLengthConfig         0x0800b7e7   Thumb Code    18  stm32f10x_usart.o(.text)
    USART_LINCmd                             0x0800b7f9   Thumb Code    24  stm32f10x_usart.o(.text)
    USART_SendData                           0x0800b811   Thumb Code     8  stm32f10x_usart.o(.text)
    USART_ReceiveData                        0x0800b819   Thumb Code    10  stm32f10x_usart.o(.text)
    USART_SendBreak                          0x0800b823   Thumb Code    10  stm32f10x_usart.o(.text)
    USART_SetGuardTime                       0x0800b82d   Thumb Code    16  stm32f10x_usart.o(.text)
    USART_SetPrescaler                       0x0800b83d   Thumb Code    16  stm32f10x_usart.o(.text)
    USART_SmartCardCmd                       0x0800b84d   Thumb Code    24  stm32f10x_usart.o(.text)
    USART_SmartCardNACKCmd                   0x0800b865   Thumb Code    24  stm32f10x_usart.o(.text)
    USART_HalfDuplexCmd                      0x0800b87d   Thumb Code    24  stm32f10x_usart.o(.text)
    USART_OverSampling8Cmd                   0x0800b895   Thumb Code    22  stm32f10x_usart.o(.text)
    USART_OneBitMethodCmd                    0x0800b8ab   Thumb Code    24  stm32f10x_usart.o(.text)
    USART_IrDAConfig                         0x0800b8c3   Thumb Code    18  stm32f10x_usart.o(.text)
    USART_IrDACmd                            0x0800b8d5   Thumb Code    24  stm32f10x_usart.o(.text)
    USART_GetFlagStatus                      0x0800b8ed   Thumb Code    26  stm32f10x_usart.o(.text)
    USART_ClearFlag                          0x0800b907   Thumb Code    18  stm32f10x_usart.o(.text)
    USART_GetITStatus                        0x0800b919   Thumb Code    84  stm32f10x_usart.o(.text)
    USART_ClearITPendingBit                  0x0800b96d   Thumb Code    52  stm32f10x_usart.o(.text)
    TIM_DeInit                               0x0800b9a1   Thumb Code   424  stm32f10x_tim.o(.text)
    TIM_TimeBaseInit                         0x0800bb49   Thumb Code   122  stm32f10x_tim.o(.text)
    TIM_OC1Init                              0x0800bbc3   Thumb Code   132  stm32f10x_tim.o(.text)
    TIM_OC2Init                              0x0800bc47   Thumb Code   154  stm32f10x_tim.o(.text)
    TIM_OC3Init                              0x0800bce1   Thumb Code   150  stm32f10x_tim.o(.text)
    TIM_OC4Init                              0x0800bd77   Thumb Code   182  stm32f10x_tim.o(.text)
    TIM_SetIC4Prescaler                      0x0800be2d   Thumb Code    26  stm32f10x_tim.o(.text)
    TIM_SetIC3Prescaler                      0x0800bec9   Thumb Code    18  stm32f10x_tim.o(.text)
    TIM_SetIC2Prescaler                      0x0800bf55   Thumb Code    26  stm32f10x_tim.o(.text)
    TIM_SetIC1Prescaler                      0x0800bff1   Thumb Code    18  stm32f10x_tim.o(.text)
    TIM_ICInit                               0x0800c06f   Thumb Code   150  stm32f10x_tim.o(.text)
    TIM_PWMIConfig                           0x0800c105   Thumb Code   124  stm32f10x_tim.o(.text)
    TIM_BDTRConfig                           0x0800c181   Thumb Code    32  stm32f10x_tim.o(.text)
    TIM_TimeBaseStructInit                   0x0800c1a1   Thumb Code    18  stm32f10x_tim.o(.text)
    TIM_OCStructInit                         0x0800c1b3   Thumb Code    20  stm32f10x_tim.o(.text)
    TIM_ICStructInit                         0x0800c1c7   Thumb Code    18  stm32f10x_tim.o(.text)
    TIM_BDTRStructInit                       0x0800c1d9   Thumb Code    40  stm32f10x_tim.o(.text)
    TIM_Cmd                                  0x0800c201   Thumb Code    24  stm32f10x_tim.o(.text)
    TIM_CtrlPWMOutputs                       0x0800c219   Thumb Code    30  stm32f10x_tim.o(.text)
    TIM_ITConfig                             0x0800c237   Thumb Code    18  stm32f10x_tim.o(.text)
    TIM_GenerateEvent                        0x0800c249   Thumb Code     4  stm32f10x_tim.o(.text)
    TIM_DMAConfig                            0x0800c24d   Thumb Code    10  stm32f10x_tim.o(.text)
    TIM_DMACmd                               0x0800c257   Thumb Code    18  stm32f10x_tim.o(.text)
    TIM_InternalClockConfig                  0x0800c269   Thumb Code    12  stm32f10x_tim.o(.text)
    TIM_SelectInputTrigger                   0x0800c275   Thumb Code    18  stm32f10x_tim.o(.text)
    TIM_ITRxExternalClockConfig              0x0800c287   Thumb Code    24  stm32f10x_tim.o(.text)
    TIM_TIxExternalClockConfig               0x0800c29f   Thumb Code    62  stm32f10x_tim.o(.text)
    TIM_ETRConfig                            0x0800c2dd   Thumb Code    28  stm32f10x_tim.o(.text)
    TIM_ETRClockMode1Config                  0x0800c2f9   Thumb Code    54  stm32f10x_tim.o(.text)
    TIM_ETRClockMode2Config                  0x0800c32f   Thumb Code    32  stm32f10x_tim.o(.text)
    TIM_PrescalerConfig                      0x0800c34f   Thumb Code     6  stm32f10x_tim.o(.text)
    TIM_CounterModeConfig                    0x0800c355   Thumb Code    18  stm32f10x_tim.o(.text)
    TIM_EncoderInterfaceConfig               0x0800c367   Thumb Code    66  stm32f10x_tim.o(.text)
    TIM_ForcedOC1Config                      0x0800c3a9   Thumb Code    18  stm32f10x_tim.o(.text)
    TIM_ForcedOC2Config                      0x0800c3bb   Thumb Code    26  stm32f10x_tim.o(.text)
    TIM_ForcedOC3Config                      0x0800c3d5   Thumb Code    18  stm32f10x_tim.o(.text)
    TIM_ForcedOC4Config                      0x0800c3e7   Thumb Code    26  stm32f10x_tim.o(.text)
    TIM_ARRPreloadConfig                     0x0800c401   Thumb Code    24  stm32f10x_tim.o(.text)
    TIM_SelectCOM                            0x0800c419   Thumb Code    24  stm32f10x_tim.o(.text)
    TIM_SelectCCDMA                          0x0800c431   Thumb Code    24  stm32f10x_tim.o(.text)
    TIM_CCPreloadControl                     0x0800c449   Thumb Code    24  stm32f10x_tim.o(.text)
    TIM_OC1PreloadConfig                     0x0800c461   Thumb Code    18  stm32f10x_tim.o(.text)
    TIM_OC2PreloadConfig                     0x0800c473   Thumb Code    26  stm32f10x_tim.o(.text)
    TIM_OC3PreloadConfig                     0x0800c48d   Thumb Code    18  stm32f10x_tim.o(.text)
    TIM_OC4PreloadConfig                     0x0800c49f   Thumb Code    26  stm32f10x_tim.o(.text)
    TIM_OC1FastConfig                        0x0800c4b9   Thumb Code    18  stm32f10x_tim.o(.text)
    TIM_OC2FastConfig                        0x0800c4cb   Thumb Code    26  stm32f10x_tim.o(.text)
    TIM_OC3FastConfig                        0x0800c4e5   Thumb Code    18  stm32f10x_tim.o(.text)
    TIM_OC4FastConfig                        0x0800c4f7   Thumb Code    26  stm32f10x_tim.o(.text)
    TIM_ClearOC1Ref                          0x0800c511   Thumb Code    18  stm32f10x_tim.o(.text)
    TIM_ClearOC2Ref                          0x0800c523   Thumb Code    24  stm32f10x_tim.o(.text)
    TIM_ClearOC3Ref                          0x0800c53b   Thumb Code    18  stm32f10x_tim.o(.text)
    TIM_ClearOC4Ref                          0x0800c54d   Thumb Code    24  stm32f10x_tim.o(.text)
    TIM_OC1PolarityConfig                    0x0800c565   Thumb Code    18  stm32f10x_tim.o(.text)
    TIM_OC1NPolarityConfig                   0x0800c577   Thumb Code    18  stm32f10x_tim.o(.text)
    TIM_OC2PolarityConfig                    0x0800c589   Thumb Code    26  stm32f10x_tim.o(.text)
    TIM_OC2NPolarityConfig                   0x0800c5a3   Thumb Code    26  stm32f10x_tim.o(.text)
    TIM_OC3PolarityConfig                    0x0800c5bd   Thumb Code    26  stm32f10x_tim.o(.text)
    TIM_OC3NPolarityConfig                   0x0800c5d7   Thumb Code    26  stm32f10x_tim.o(.text)
    TIM_OC4PolarityConfig                    0x0800c5f1   Thumb Code    26  stm32f10x_tim.o(.text)
    TIM_CCxCmd                               0x0800c60b   Thumb Code    30  stm32f10x_tim.o(.text)
    TIM_CCxNCmd                              0x0800c629   Thumb Code    30  stm32f10x_tim.o(.text)
    TIM_SelectOCxM                           0x0800c647   Thumb Code    82  stm32f10x_tim.o(.text)
    TIM_UpdateDisableConfig                  0x0800c699   Thumb Code    24  stm32f10x_tim.o(.text)
    TIM_UpdateRequestConfig                  0x0800c6b1   Thumb Code    24  stm32f10x_tim.o(.text)
    TIM_SelectHallSensor                     0x0800c6c9   Thumb Code    24  stm32f10x_tim.o(.text)
    TIM_SelectOnePulseMode                   0x0800c6e1   Thumb Code    18  stm32f10x_tim.o(.text)
    TIM_SelectOutputTrigger                  0x0800c6f3   Thumb Code    18  stm32f10x_tim.o(.text)
    TIM_SelectSlaveMode                      0x0800c705   Thumb Code    18  stm32f10x_tim.o(.text)
    TIM_SelectMasterSlaveMode                0x0800c717   Thumb Code    18  stm32f10x_tim.o(.text)
    TIM_SetCounter                           0x0800c729   Thumb Code     4  stm32f10x_tim.o(.text)
    TIM_SetAutoreload                        0x0800c72d   Thumb Code     4  stm32f10x_tim.o(.text)
    TIM_SetCompare1                          0x0800c731   Thumb Code     4  stm32f10x_tim.o(.text)
    TIM_SetCompare2                          0x0800c735   Thumb Code     4  stm32f10x_tim.o(.text)
    TIM_SetCompare3                          0x0800c739   Thumb Code     4  stm32f10x_tim.o(.text)
    TIM_SetCompare4                          0x0800c73d   Thumb Code     6  stm32f10x_tim.o(.text)
    TIM_SetClockDivision                     0x0800c743   Thumb Code    18  stm32f10x_tim.o(.text)
    TIM_GetCapture1                          0x0800c755   Thumb Code     6  stm32f10x_tim.o(.text)
    TIM_GetCapture2                          0x0800c75b   Thumb Code     6  stm32f10x_tim.o(.text)
    TIM_GetCapture3                          0x0800c761   Thumb Code     6  stm32f10x_tim.o(.text)
    TIM_GetCapture4                          0x0800c767   Thumb Code     8  stm32f10x_tim.o(.text)
    TIM_GetCounter                           0x0800c76f   Thumb Code     6  stm32f10x_tim.o(.text)
    TIM_GetPrescaler                         0x0800c775   Thumb Code     6  stm32f10x_tim.o(.text)
    TIM_GetFlagStatus                        0x0800c77b   Thumb Code    18  stm32f10x_tim.o(.text)
    TIM_ClearFlag                            0x0800c78d   Thumb Code     6  stm32f10x_tim.o(.text)
    TIM_GetITStatus                          0x0800c793   Thumb Code    34  stm32f10x_tim.o(.text)
    TIM_ClearITPendingBit                    0x0800c7b5   Thumb Code     6  stm32f10x_tim.o(.text)
    DMA_DeInit                               0x0800c7bd   Thumb Code   324  stm32f10x_dma.o(.text)
    DMA_Init                                 0x0800c901   Thumb Code    60  stm32f10x_dma.o(.text)
    DMA_StructInit                           0x0800c93d   Thumb Code    26  stm32f10x_dma.o(.text)
    DMA_Cmd                                  0x0800c957   Thumb Code    24  stm32f10x_dma.o(.text)
    DMA_ITConfig                             0x0800c96f   Thumb Code    18  stm32f10x_dma.o(.text)
    DMA_SetCurrDataCounter                   0x0800c981   Thumb Code     4  stm32f10x_dma.o(.text)
    DMA_GetCurrDataCounter                   0x0800c985   Thumb Code     8  stm32f10x_dma.o(.text)
    DMA_GetFlagStatus                        0x0800c98d   Thumb Code    40  stm32f10x_dma.o(.text)
    DMA_ClearFlag                            0x0800c9b5   Thumb Code    22  stm32f10x_dma.o(.text)
    DMA_GetITStatus                          0x0800c9cb   Thumb Code    40  stm32f10x_dma.o(.text)
    DMA_ClearITPendingBit                    0x0800c9f3   Thumb Code    22  stm32f10x_dma.o(.text)
    SDIO_DeInit                              0x0800ca11   Thumb Code    28  stm32f10x_sdio.o(.text)
    SDIO_Init                                0x0800ca2d   Thumb Code    42  stm32f10x_sdio.o(.text)
    SDIO_StructInit                          0x0800ca57   Thumb Code    16  stm32f10x_sdio.o(.text)
    SDIO_ClockCmd                            0x0800ca67   Thumb Code     6  stm32f10x_sdio.o(.text)
    SDIO_SetPowerState                       0x0800ca6d   Thumb Code    22  stm32f10x_sdio.o(.text)
    SDIO_GetPowerState                       0x0800ca83   Thumb Code    10  stm32f10x_sdio.o(.text)
    SDIO_ITConfig                            0x0800ca8d   Thumb Code    26  stm32f10x_sdio.o(.text)
    SDIO_DMACmd                              0x0800caa7   Thumb Code     6  stm32f10x_sdio.o(.text)
    SDIO_SendCommand                         0x0800caad   Thumb Code    38  stm32f10x_sdio.o(.text)
    SDIO_CmdStructInit                       0x0800cad3   Thumb Code    14  stm32f10x_sdio.o(.text)
    SDIO_GetCommandResponse                  0x0800cae1   Thumb Code     8  stm32f10x_sdio.o(.text)
    SDIO_GetResponse                         0x0800cae9   Thumb Code    22  stm32f10x_sdio.o(.text)
    SDIO_DataConfig                          0x0800caff   Thumb Code    42  stm32f10x_sdio.o(.text)
    SDIO_DataStructInit                      0x0800cb29   Thumb Code    20  stm32f10x_sdio.o(.text)
    SDIO_GetDataCounter                      0x0800cb3d   Thumb Code     6  stm32f10x_sdio.o(.text)
    SDIO_ReadData                            0x0800cb43   Thumb Code     8  stm32f10x_sdio.o(.text)
    SDIO_WriteData                           0x0800cb4b   Thumb Code     8  stm32f10x_sdio.o(.text)
    SDIO_GetFIFOCount                        0x0800cb53   Thumb Code     6  stm32f10x_sdio.o(.text)
    SDIO_StartSDIOReadWait                   0x0800cb59   Thumb Code     8  stm32f10x_sdio.o(.text)
    SDIO_StopSDIOReadWait                    0x0800cb61   Thumb Code     8  stm32f10x_sdio.o(.text)
    SDIO_SetSDIOReadWaitMode                 0x0800cb69   Thumb Code     8  stm32f10x_sdio.o(.text)
    SDIO_SetSDIOOperation                    0x0800cb71   Thumb Code     8  stm32f10x_sdio.o(.text)
    SDIO_SendSDIOSuspendCmd                  0x0800cb79   Thumb Code     6  stm32f10x_sdio.o(.text)
    SDIO_CommandCompletionCmd                0x0800cb7f   Thumb Code     8  stm32f10x_sdio.o(.text)
    SDIO_CEATAITCmd                          0x0800cb87   Thumb Code    12  stm32f10x_sdio.o(.text)
    SDIO_SendCEATACmd                        0x0800cb93   Thumb Code     8  stm32f10x_sdio.o(.text)
    SDIO_GetFlagStatus                       0x0800cb9b   Thumb Code    20  stm32f10x_sdio.o(.text)
    SDIO_ClearFlag                           0x0800cbaf   Thumb Code     6  stm32f10x_sdio.o(.text)
    SDIO_GetITStatus                         0x0800cbb5   Thumb Code    20  stm32f10x_sdio.o(.text)
    SDIO_ClearITPendingBit                   0x0800cbc9   Thumb Code     6  stm32f10x_sdio.o(.text)
    ADC_DeInit                               0x0800cbe5   Thumb Code    78  stm32f10x_adc.o(.text)
    ADC_Init                                 0x0800cc33   Thumb Code    70  stm32f10x_adc.o(.text)
    ADC_StructInit                           0x0800cc79   Thumb Code    18  stm32f10x_adc.o(.text)
    ADC_Cmd                                  0x0800cc8b   Thumb Code    22  stm32f10x_adc.o(.text)
    ADC_DMACmd                               0x0800cca1   Thumb Code    22  stm32f10x_adc.o(.text)
    ADC_ITConfig                             0x0800ccb7   Thumb Code    24  stm32f10x_adc.o(.text)
    ADC_ResetCalibration                     0x0800cccf   Thumb Code    10  stm32f10x_adc.o(.text)
    ADC_GetResetCalibrationStatus            0x0800ccd9   Thumb Code    20  stm32f10x_adc.o(.text)
    ADC_StartCalibration                     0x0800cced   Thumb Code    10  stm32f10x_adc.o(.text)
    ADC_GetCalibrationStatus                 0x0800ccf7   Thumb Code    20  stm32f10x_adc.o(.text)
    ADC_SoftwareStartConvCmd                 0x0800cd0b   Thumb Code    22  stm32f10x_adc.o(.text)
    ADC_GetSoftwareStartConvStatus           0x0800cd21   Thumb Code    20  stm32f10x_adc.o(.text)
    ADC_DiscModeChannelCountConfig           0x0800cd35   Thumb Code    24  stm32f10x_adc.o(.text)
    ADC_DiscModeCmd                          0x0800cd4d   Thumb Code    22  stm32f10x_adc.o(.text)
    ADC_RegularChannelConfig                 0x0800cd63   Thumb Code   184  stm32f10x_adc.o(.text)
    ADC_ExternalTrigConvCmd                  0x0800ce1b   Thumb Code    22  stm32f10x_adc.o(.text)
    ADC_GetConversionValue                   0x0800ce31   Thumb Code     8  stm32f10x_adc.o(.text)
    ADC_GetDualModeConversionValue           0x0800ce39   Thumb Code     8  stm32f10x_adc.o(.text)
    ADC_AutoInjectedConvCmd                  0x0800ce41   Thumb Code    22  stm32f10x_adc.o(.text)
    ADC_InjectedDiscModeCmd                  0x0800ce57   Thumb Code    22  stm32f10x_adc.o(.text)
    ADC_ExternalTrigInjectedConvConfig       0x0800ce6d   Thumb Code    16  stm32f10x_adc.o(.text)
    ADC_ExternalTrigInjectedConvCmd          0x0800ce7d   Thumb Code    22  stm32f10x_adc.o(.text)
    ADC_SoftwareStartInjectedConvCmd         0x0800ce93   Thumb Code    22  stm32f10x_adc.o(.text)
    ADC_GetSoftwareStartInjectedConvCmdStatus 0x0800cea9   Thumb Code    20  stm32f10x_adc.o(.text)
    ADC_InjectedChannelConfig                0x0800cebd   Thumb Code   130  stm32f10x_adc.o(.text)
    ADC_InjectedSequencerLengthConfig        0x0800cf3f   Thumb Code    24  stm32f10x_adc.o(.text)
    ADC_SetInjectedOffset                    0x0800cf57   Thumb Code    20  stm32f10x_adc.o(.text)
    ADC_GetInjectedConversionValue           0x0800cf6b   Thumb Code    28  stm32f10x_adc.o(.text)
    ADC_AnalogWatchdogCmd                    0x0800cf87   Thumb Code    16  stm32f10x_adc.o(.text)
    ADC_AnalogWatchdogThresholdsConfig       0x0800cf97   Thumb Code     6  stm32f10x_adc.o(.text)
    ADC_AnalogWatchdogSingleChannelConfig    0x0800cf9d   Thumb Code    16  stm32f10x_adc.o(.text)
    ADC_TempSensorVrefintCmd                 0x0800cfad   Thumb Code    64  stm32f10x_adc.o(.text)
    ADC_GetFlagStatus                        0x0800cfed   Thumb Code    18  stm32f10x_adc.o(.text)
    ADC_ClearFlag                            0x0800cfff   Thumb Code     6  stm32f10x_adc.o(.text)
    ADC_GetITStatus                          0x0800d005   Thumb Code    36  stm32f10x_adc.o(.text)
    ADC_ClearITPendingBit                    0x0800d029   Thumb Code    10  stm32f10x_adc.o(.text)
    mymemcpy                                 0x0800d035   Thumb Code    26  malloc.o(.text)
    mymemset                                 0x0800d04f   Thumb Code    20  malloc.o(.text)
    my_mem_init                              0x0800d063   Thumb Code    54  malloc.o(.text)
    my_mem_perused                           0x0800d099   Thumb Code    54  malloc.o(.text)
    my_mem_malloc                            0x0800d0cf   Thumb Code   154  malloc.o(.text)
    my_mem_free                              0x0800d169   Thumb Code    94  malloc.o(.text)
    myfree                                   0x0800d1c7   Thumb Code    32  malloc.o(.text)
    mymalloc                                 0x0800d1e7   Thumb Code    36  malloc.o(.text)
    myrealloc                                0x0800d20b   Thumb Code    68  malloc.o(.text)
    disk_status                              0x0800d261   Thumb Code     6  diskio.o(.text)
    disk_initialize                          0x0800d267   Thumb Code    52  diskio.o(.text)
    disk_read                                0x0800d29b   Thumb Code   122  diskio.o(.text)
    disk_write                               0x0800d315   Thumb Code   122  diskio.o(.text)
    disk_ioctl                               0x0800d38f   Thumb Code   170  diskio.o(.text)
    get_fattime                              0x0800d439   Thumb Code     4  diskio.o(.text)
    ff_memalloc                              0x0800d43d   Thumb Code    14  diskio.o(.text)
    ff_memfree                               0x0800d44b   Thumb Code    14  diskio.o(.text)
    clust2sect                               0x0800d617   Thumb Code    26  ff.o(.text)
    get_fat                                  0x0800d631   Thumb Code   242  ff.o(.text)
    put_fat                                  0x0800d723   Thumb Code   322  ff.o(.text)
    dir_sdi                                  0x0800d9d9   Thumb Code   158  ff.o(.text)
    f_mount                                  0x0800ea63   Thumb Code    86  ff.o(.text)
    f_open                                   0x0800eab9   Thumb Code   384  ff.o(.text)
    f_read                                   0x0800ec39   Thumb Code   450  ff.o(.text)
    f_write                                  0x0800edfb   Thumb Code   490  ff.o(.text)
    f_sync                                   0x0800efe5   Thumb Code   176  ff.o(.text)
    f_close                                  0x0800f095   Thumb Code    32  ff.o(.text)
    f_lseek                                  0x0800f0b5   Thumb Code   684  ff.o(.text)
    f_opendir                                0x0800f361   Thumb Code   136  ff.o(.text)
    f_closedir                               0x0800f3e9   Thumb Code    22  ff.o(.text)
    f_readdir                                0x0800f3ff   Thumb Code   114  ff.o(.text)
    f_stat                                   0x0800f471   Thumb Code    84  ff.o(.text)
    f_getfree                                0x0800f4c5   Thumb Code   258  ff.o(.text)
    f_truncate                               0x0800f5c7   Thumb Code   184  ff.o(.text)
    f_unlink                                 0x0800f67f   Thumb Code   190  ff.o(.text)
    f_mkdir                                  0x0800f73d   Thumb Code   380  ff.o(.text)
    f_chmod                                  0x0800f8b9   Thumb Code   112  ff.o(.text)
    f_rename                                 0x0800f929   Thumb Code   290  ff.o(.text)
    f_utime                                  0x0800fa4b   Thumb Code   110  ff.o(.text)
    f_getlabel                               0x0800fab9   Thumb Code   190  ff.o(.text)
    f_setlabel                               0x0800fb77   Thumb Code   482  ff.o(.text)
    f_mkfs                                   0x0800fd59   Thumb Code  1578  ff.o(.text)
    f_gets                                   0x08010383   Thumb Code    82  ff.o(.text)
    f_putc                                   0x08010419   Thumb Code    64  ff.o(.text)
    f_puts                                   0x08010459   Thumb Code    74  ff.o(.text)
    f_printf                                 0x080104a3   Thumb Code   674  ff.o(.text)
    exfuns_init                              0x08010745   Thumb Code   114  exfuns.o(.text)
    char_upper                               0x080107b7   Thumb Code    26  exfuns.o(.text)
    f_typetell                               0x080107d1   Thumb Code   188  exfuns.o(.text)
    exf_getfree                              0x0801088d   Thumb Code    74  exfuns.o(.text)
    mf_mount                                 0x080108ed   Thumb Code    20  fattester.o(.text)
    mf_open                                  0x08010901   Thumb Code    24  fattester.o(.text)
    mf_close                                 0x08010919   Thumb Code    14  fattester.o(.text)
    mf_read                                  0x08010927   Thumb Code   224  fattester.o(.text)
    mf_write                                 0x08010a07   Thumb Code    68  fattester.o(.text)
    mf_opendir                               0x08010a4b   Thumb Code    14  fattester.o(.text)
    mf_closedir                              0x08010a59   Thumb Code    10  fattester.o(.text)
    mf_readdir                               0x08010a63   Thumb Code   204  fattester.o(.text)
    mf_scan_files                            0x08010b2f   Thumb Code   120  fattester.o(.text)
    mf_showfree                              0x08010ba7   Thumb Code    88  fattester.o(.text)
    mf_lseek                                 0x08010bff   Thumb Code    16  fattester.o(.text)
    mf_tell                                  0x08010c0f   Thumb Code     8  fattester.o(.text)
    mf_size                                  0x08010c17   Thumb Code     8  fattester.o(.text)
    mf_mkdir                                 0x08010c1f   Thumb Code    12  fattester.o(.text)
    mf_fmkfs                                 0x08010c2b   Thumb Code    20  fattester.o(.text)
    mf_unlink                                0x08010c3f   Thumb Code    12  fattester.o(.text)
    mf_rename                                0x08010c4b   Thumb Code    16  fattester.o(.text)
    mf_getlabel                              0x08010c5b   Thumb Code    58  fattester.o(.text)
    mf_setlabel                              0x08010c95   Thumb Code    34  fattester.o(.text)
    mf_gets                                  0x08010cb7   Thumb Code   698  fattester.o(.text)
    mf_putc                                  0x08010f71   Thumb Code    18  fattester.o(.text)
    mf_puts                                  0x08010f83   Thumb Code    18  fattester.o(.text)
    ff_convert                               0x08010fb5   Thumb Code   146  mycc936.o(.text)
    ff_wtoupper                              0x08011047   Thumb Code    46  mycc936.o(.text)
    usmart_sys_cmd_exe                       0x08011081   Thumb Code  1554  usmart.o(.text)
    usmart_reset_runtime                     0x08011693   Thumb Code    38  usmart.o(.text)
    usmart_get_runtime                       0x080116b9   Thumb Code    60  usmart.o(.text)
    TIM4_IRQHandler                          0x080116f5   Thumb Code    46  usmart.o(.text)
    Timer4_Init                              0x08011723   Thumb Code    88  usmart.o(.text)
    usmart_init                              0x0801177b   Thumb Code    36  usmart.o(.text)
    usmart_cmd_rec                           0x0801179f   Thumb Code   170  usmart.o(.text)
    usmart_exe                               0x08011849   Thumb Code   870  usmart.o(.text)
    usmart_scan                              0x08011baf   Thumb Code   120  usmart.o(.text)
    read_addr                                0x08011c27   Thumb Code     6  usmart.o(.text)
    write_addr                               0x08011c2d   Thumb Code     4  usmart.o(.text)
    usmart_strcmp                            0x08011cb9   Thumb Code    34  usmart_str.o(.text)
    usmart_strcopy                           0x08011cdb   Thumb Code    22  usmart_str.o(.text)
    usmart_strlen                            0x08011cf1   Thumb Code    24  usmart_str.o(.text)
    usmart_pow                               0x08011d09   Thumb Code    22  usmart_str.o(.text)
    usmart_str2num                           0x08011d1f   Thumb Code   202  usmart_str.o(.text)
    usmart_get_cmdname                       0x08011de9   Thumb Code    54  usmart_str.o(.text)
    usmart_search_nextc                      0x08011e1f   Thumb Code    22  usmart_str.o(.text)
    usmart_get_fname                         0x08011e35   Thumb Code   440  usmart_str.o(.text)
    usmart_get_aparm                         0x08011fed   Thumb Code   200  usmart_str.o(.text)
    usmart_get_parmpos                       0x080120b5   Thumb Code    26  usmart_str.o(.text)
    usmart_get_fparam                        0x080120cf   Thumb Code   262  usmart_str.o(.text)
    fupd_prog                                0x080121e1   Thumb Code   134  fontupd.o(.text)
    updata_fontx                             0x08012267   Thumb Code   346  fontupd.o(.text)
    update_font                              0x080123c1   Thumb Code   882  fontupd.o(.text)
    font_init                                0x08012733   Thumb Code    64  fontupd.o(.text)
    Get_HzMat                                0x080127b1   Thumb Code   220  text.o(.text)
    Show_Font                                0x0801288d   Thumb Code   190  text.o(.text)
    Show_Str                                 0x0801294b   Thumb Code   192  text.o(.text)
    Show_Str_Mid                             0x08012a0b   Thumb Code   106  text.o(.text)
    btn_read_backcolor                       0x08012a85   Thumb Code    72  button.o(.text)
    btn_recover_backcolor                    0x08012acd   Thumb Code    72  button.o(.text)
    btn_delete                               0x08012b15   Thumb Code    42  button.o(.text)
    btn_creat                                0x08012b3f   Thumb Code   280  button.o(.text)
    btn_release_hook                         0x08012c57   Thumb Code     2  button.o(.text)
    btn_press_hook                           0x08012c59   Thumb Code     2  button.o(.text)
    btn_draw_textbbtn                        0x08012c5b   Thumb Code   138  button.o(.text)
    btn_draw_textabtn                        0x08012ce5   Thumb Code   110  button.o(.text)
    btn_draw_arcbtn                          0x08012d53   Thumb Code   298  button.o(.text)
    btn_draw_picbtn                          0x08012e7d   Thumb Code   116  button.o(.text)
    btn_draw_stdbtn                          0x08012ef1   Thumb Code   436  button.o(.text)
    btn_draw                                 0x080130a5   Thumb Code   114  button.o(.text)
    btn_check                                0x08013117   Thumb Code   266  button.o(.text)
    menu_button                              0x08013221   Thumb Code   330  button.o(.text)
    check                                    0x0801336b   Thumb Code     2  button.o(.text)
    _gui_draw_point                          0x08013395   Thumb Code    32  gui.o(.text)
    gui_init                                 0x080133b5   Thumb Code    52  gui.o(.text)
    gui_get_key                              0x080133e9   Thumb Code   112  gui.o(.text)
    gui_color_chg                            0x08013459   Thumb Code    26  gui.o(.text)
    gui_rgb332torgb565                       0x08013473   Thumb Code    32  gui.o(.text)
    gui_pow                                  0x08013493   Thumb Code    42  gui.o(.text)
    gui_disabs                               0x080134bd   Thumb Code    14  gui.o(.text)
    gui_alpha_blend565                       0x080134cb   Thumb Code    42  gui.o(.text)
    gui_alphablend_area                      0x080134f5   Thumb Code    92  gui.o(.text)
    gui_draw_bigpoint                        0x08013551   Thumb Code    84  gui.o(.text)
    gui_draw_line                            0x080135a5   Thumb Code   176  gui.o(.text)
    gui_draw_hline                           0x08013655   Thumb Code    60  gui.o(.text)
    gui_fill_circle                          0x08013691   Thumb Code   176  gui.o(.text)
    gui_draw_bline                           0x08013741   Thumb Code   272  gui.o(.text)
    gui_draw_vline                           0x08013851   Thumb Code    60  gui.o(.text)
    gui_fill_colorblock                      0x0801388d   Thumb Code    98  gui.o(.text)
    gui_smooth_color                         0x080138ef   Thumb Code   140  gui.o(.text)
    gui_memin_free                           0x0801397b   Thumb Code    14  gui.o(.text)
    gui_memin_malloc                         0x08013989   Thumb Code    14  gui.o(.text)
    gui_draw_smooth_rectangle                0x08013997   Thumb Code   108  gui.o(.text)
    gui_draw_rectangle                       0x08013a03   Thumb Code    76  gui.o(.text)
    gui_draw_expoint                         0x08013a4f   Thumb Code    62  gui.o(.text)
    gui_draw_circle8                         0x08013a8d   Thumb Code   232  gui.o(.text)
    gui_draw_arc                             0x08013b75   Thumb Code   112  gui.o(.text)
    gui_fill_rectangle                       0x08013be5   Thumb Code    56  gui.o(.text)
    gui_draw_arcrectangle                    0x08013c1d   Thumb Code   672  gui.o(.text)
    gui_draw_icos                            0x08013ebd   Thumb Code    88  gui.o(.text)
    gui_draw_icosalpha                       0x08013f15   Thumb Code   122  gui.o(.text)
    gui_draw_ellipse                         0x08013f8f   Thumb Code   334  gui.o(.text)
    gui_fill_ellipse                         0x080140dd   Thumb Code   162  gui.o(.text)
    gui_show_ptfont                          0x0801417f   Thumb Code   424  gui.o(.text)
    gui_show_ptchar                          0x08014327   Thumb Code   436  gui.o(.text)
    gui_show_ptstr                           0x080144db   Thumb Code   304  gui.o(.text)
    gui_show_strmid                          0x0801460b   Thumb Code   160  gui.o(.text)
    gui_show_num                             0x080146ab   Thumb Code   282  gui.o(.text)
    gui_num2str                              0x080147c5   Thumb Code   112  gui.o(.text)
    gui_show_ptstrwhiterim                   0x08014835   Thumb Code    76  gui.o(.text)
    gui_show_str_center                      0x08014881   Thumb Code   212  gui.o(.text)
    gui_path_name                            0x08014955   Thumb Code    42  gui.o(.text)
    gui_get_stringline                       0x0801497f   Thumb Code   116  gui.o(.text)
    gui_show_string                          0x080149f3   Thumb Code   240  gui.o(.text)
    gui_string_forwardgbk_count              0x08014ae3   Thumb Code    28  gui.o(.text)
    gui_memset                               0x08014aff   Thumb Code    18  gui.o(.text)
    gui_memex_malloc                         0x08014b11   Thumb Code    14  gui.o(.text)
    gui_memex_free                           0x08014b1f   Thumb Code    14  gui.o(.text)
    gui_memin_realloc                        0x08014b2d   Thumb Code    18  gui.o(.text)
    stdbmp_decode                            0x08014b49   Thumb Code   712  bmp.o(.text)
    minibmp_decode                           0x08014e11   Thumb Code   976  bmp.o(.text)
    bmp_encode                               0x080151e1   Thumb Code   500  bmp.o(.text)
    gif_check_head                           0x080153d5   Thumb Code    88  gif.o(.text)
    gif_getrgb565                            0x0801542d   Thumb Code    28  gif.o(.text)
    gif_readcolortbl                         0x08015449   Thumb Code    64  gif.o(.text)
    gif_getinfo                              0x08015489   Thumb Code    70  gif.o(.text)
    gif_savegctbl                            0x080154cf   Thumb Code    38  gif.o(.text)
    gif_recovergctbl                         0x080154f5   Thumb Code    38  gif.o(.text)
    gif_initlzw                              0x0801551b   Thumb Code   152  gif.o(.text)
    gif_getdatablock                         0x080155b3   Thumb Code    96  gif.o(.text)
    gif_readextension                        0x08015613   Thumb Code   160  gif.o(.text)
    gif_getnextcode                          0x080156b3   Thumb Code   452  gif.o(.text)
    gif_getnextbyte                          0x08015877   Thumb Code   856  gif.o(.text)
    gif_dispimage                            0x08015bcf   Thumb Code   544  gif.o(.text)
    gif_clear2bkcolor                        0x08015def   Thumb Code   496  gif.o(.text)
    gif_drawimage                            0x08015fdf   Thumb Code   352  gif.o(.text)
    gif_quit                                 0x0801613f   Thumb Code     8  gif.o(.text)
    gif_decode                               0x08016147   Thumb Code   296  gif.o(.text)
    piclib_draw_hline                        0x08016275   Thumb Code    52  piclib.o(.text)
    piclib_fill_color                        0x080162a9   Thumb Code    44  piclib.o(.text)
    piclib_init                              0x080162d5   Thumb Code    62  piclib.o(.text)
    piclib_alpha_blend                       0x08016313   Thumb Code    42  piclib.o(.text)
    ai_draw_init                             0x0801633d   Thumb Code   264  piclib.o(.text)
    is_element_ok                            0x08016445   Thumb Code    36  piclib.o(.text)
    ai_load_picfile                          0x08016469   Thumb Code   194  piclib.o(.text)
    pic_memalloc                             0x0801652b   Thumb Code    14  piclib.o(.text)
    pic_memfree                              0x08016539   Thumb Code    14  piclib.o(.text)
    jd_prepare                               0x08017105   Thumb Code   924  tjpgd.o(.text)
    jd_decomp                                0x080174a1   Thumb Code   162  tjpgd.o(.text)
    jpeg_mallocall                           0x08017543   Thumb Code    70  tjpgd.o(.text)
    jpeg_freeall                             0x08017589   Thumb Code    28  tjpgd.o(.text)
    jpeg_in_func                             0x080175a5   Thumb Code    48  tjpgd.o(.text)
    jpeg_out_func_fill                       0x080175d5   Thumb Code    74  tjpgd.o(.text)
    jpeg_out_func_point                      0x0801761f   Thumb Code   182  tjpgd.o(.text)
    jpg_decode                               0x080176d5   Thumb Code   234  tjpgd.o(.text)
    __use_no_semihosting                     0x080177d5   Thumb Code     2  use_no_semi_2.o(.text)
    __aeabi_ldivmod                          0x080177d7   Thumb Code     0  llsdiv.o(.text)
    _ll_sdiv                                 0x080177d7   Thumb Code    72  llsdiv.o(.text)
    __2printf                                0x08017821   Thumb Code    20  noretval__2printf.o(.text)
    _printf_pre_padding                      0x08017839   Thumb Code    44  _printf_pad.o(.text)
    _printf_post_padding                     0x08017865   Thumb Code    34  _printf_pad.o(.text)
    _printf_str                              0x08017887   Thumb Code    82  _printf_str.o(.text)
    _printf_int_dec                          0x080178d9   Thumb Code   104  _printf_dec.o(.text)
    _printf_int_hex                          0x08017951   Thumb Code    84  _printf_hex_int.o(.text)
    _printf_longlong_hex                     0x08017951   Thumb Code     0  _printf_hex_int.o(.text)
    __printf                                 0x080179a9   Thumb Code   388  __printf_flags_ss_wp.o(.text)
    strcpy                                   0x08017b31   Thumb Code    72  strcpy.o(.text)
    strlen                                   0x08017b79   Thumb Code    62  strlen.o(.text)
    strcat                                   0x08017bb7   Thumb Code    24  strcat.o(.text)
    __aeabi_memcpy                           0x08017bcf   Thumb Code     0  rt_memcpy_v6.o(.text)
    __rt_memcpy                              0x08017bcf   Thumb Code   138  rt_memcpy_v6.o(.text)
    _memcpy_lastbytes                        0x08017c35   Thumb Code     0  rt_memcpy_v6.o(.text)
    strcmp                                   0x08017c59   Thumb Code   128  strcmpv7m.o(.text)
    __use_two_region_memory                  0x08017cd9   Thumb Code     2  heapauxi.o(.text)
    __rt_heap_escrow$2region                 0x08017cdb   Thumb Code     2  heapauxi.o(.text)
    __rt_heap_expand$2region                 0x08017cdd   Thumb Code     2  heapauxi.o(.text)
    __I$use$semihosting                      0x08017cdf   Thumb Code     0  use_no_semi.o(.text)
    __use_no_semihosting_swi                 0x08017cdf   Thumb Code     2  use_no_semi.o(.text)
    __aeabi_uldivmod                         0x08017ce1   Thumb Code     0  lludivv7m.o(.text)
    _ll_udiv                                 0x08017ce1   Thumb Code   238  lludivv7m.o(.text)
    __read_errno                             0x08017dcf   Thumb Code    10  _rserrno.o(.text)
    __set_errno                              0x08017dd9   Thumb Code    12  _rserrno.o(.text)
    _printf_int_common                       0x08017de5   Thumb Code   178  _printf_intcommon.o(.text)
    _printf_cs_common                        0x08017e97   Thumb Code    20  _printf_char.o(.text)
    _printf_char                             0x08017eab   Thumb Code    16  _printf_char.o(.text)
    _printf_string                           0x08017ebb   Thumb Code     8  _printf_char.o(.text)
    _printf_char_file                        0x08017ec5   Thumb Code    32  _printf_char_file.o(.text)
    __aeabi_memcpy4                          0x08017ee9   Thumb Code     0  rt_memcpy_w.o(.text)
    __aeabi_memcpy8                          0x08017ee9   Thumb Code     0  rt_memcpy_w.o(.text)
    __rt_memcpy_w                            0x08017ee9   Thumb Code   100  rt_memcpy_w.o(.text)
    _memcpy_lastbytes_aligned                0x08017f31   Thumb Code     0  rt_memcpy_w.o(.text)
    __aeabi_errno_addr                       0x08017f4d   Thumb Code     8  rt_errno_addr_intlibspace.o(.text)
    __errno$intlibspace                      0x08017f4d   Thumb Code     0  rt_errno_addr_intlibspace.o(.text)
    __rt_errno_addr$intlibspace              0x08017f4d   Thumb Code     0  rt_errno_addr_intlibspace.o(.text)
    _printf_char_common                      0x08017f5f   Thumb Code    32  _printf_char_common.o(.text)
    ferror                                   0x08017f85   Thumb Code     8  ferror.o(.text)
    __user_libspace                          0x08017f8d   Thumb Code     8  libspace.o(.text)
    __user_perproc_libspace                  0x08017f8d   Thumb Code     0  libspace.o(.text)
    __user_perthread_libspace                0x08017f8d   Thumb Code     0  libspace.o(.text)
    __user_setup_stackheap                   0x08017f95   Thumb Code    74  sys_stackheap_outer.o(.text)
    exit                                     0x08017fdf   Thumb Code    12  exit.o(.text)
    _is_digit                                0x08017feb   Thumb Code    14  __printf_wp.o(i._is_digit)
    sqrt                                     0x08017ff9   Thumb Code    76  sqrt.o(i.sqrt)
    __aeabi_d2f                              0x08018045   Thumb Code     0  d2f.o(x$fpl$d2f)
    _d2f                                     0x08018045   Thumb Code    98  d2f.o(x$fpl$d2f)
    __aeabi_dadd                             0x080180a9   Thumb Code     0  daddsub_clz.o(x$fpl$dadd)
    _dadd                                    0x080180a9   Thumb Code   332  daddsub_clz.o(x$fpl$dadd)
    __fpl_dcmp_Inf                           0x080181f9   Thumb Code    24  dcmpi.o(x$fpl$dcmpinf)
    __aeabi_d2uiz                            0x08018211   Thumb Code     0  dfixu.o(x$fpl$dfixu)
    _dfixu                                   0x08018211   Thumb Code    90  dfixu.o(x$fpl$dfixu)
    __aeabi_i2d                              0x0801826b   Thumb Code     0  dflt_clz.o(x$fpl$dflt)
    _dflt                                    0x0801826b   Thumb Code    46  dflt_clz.o(x$fpl$dflt)
    __aeabi_ui2d                             0x08018299   Thumb Code     0  dflt_clz.o(x$fpl$dfltu)
    _dfltu                                   0x08018299   Thumb Code    38  dflt_clz.o(x$fpl$dfltu)
    __aeabi_cdcmple                          0x080182c1   Thumb Code     0  dleqf.o(x$fpl$dleqf)
    _dcmple                                  0x080182c1   Thumb Code   120  dleqf.o(x$fpl$dleqf)
    __fpl_dcmple_InfNaN                      0x08018323   Thumb Code     0  dleqf.o(x$fpl$dleqf)
    __aeabi_dmul                             0x08018339   Thumb Code     0  dmul.o(x$fpl$dmul)
    _dmul                                    0x08018339   Thumb Code   332  dmul.o(x$fpl$dmul)
    __fpl_dnaninf                            0x0801848d   Thumb Code   156  dnaninf.o(x$fpl$dnaninf)
    __fpl_dretinf                            0x08018529   Thumb Code    12  dretinf.o(x$fpl$dretinf)
    __aeabi_cdrcmple                         0x08018535   Thumb Code     0  drleqf.o(x$fpl$drleqf)
    _drcmple                                 0x08018535   Thumb Code   108  drleqf.o(x$fpl$drleqf)
    __aeabi_drsub                            0x080185a1   Thumb Code     0  daddsub_clz.o(x$fpl$drsb)
    _drsb                                    0x080185a1   Thumb Code    22  daddsub_clz.o(x$fpl$drsb)
    _dsqrt                                   0x080185b9   Thumb Code   456  dsqrt_noumaal.o(x$fpl$dsqrt)
    __aeabi_dsub                             0x08018785   Thumb Code     0  daddsub_clz.o(x$fpl$dsub)
    _dsub                                    0x08018785   Thumb Code   464  daddsub_clz.o(x$fpl$dsub)
    __aeabi_f2d                              0x08018959   Thumb Code     0  f2d.o(x$fpl$f2d)
    _f2d                                     0x08018959   Thumb Code    86  f2d.o(x$fpl$f2d)
    __aeabi_fadd                             0x080189b1   Thumb Code     0  faddsub_clz.o(x$fpl$fadd)
    _fadd                                    0x080189b1   Thumb Code   196  faddsub_clz.o(x$fpl$fadd)
    __fpl_fcmp_Inf                           0x08018a75   Thumb Code    24  fcmpi.o(x$fpl$fcmpinf)
    __aeabi_fdiv                             0x08018a8d   Thumb Code     0  fdiv.o(x$fpl$fdiv)
    _fdiv                                    0x08018a8d   Thumb Code   384  fdiv.o(x$fpl$fdiv)
    __aeabi_cfcmpeq                          0x08018c11   Thumb Code     0  feqf.o(x$fpl$feqf)
    _fcmpeq                                  0x08018c11   Thumb Code   104  feqf.o(x$fpl$feqf)
    __aeabi_f2iz                             0x08018c79   Thumb Code     0  ffix.o(x$fpl$ffix)
    _ffix                                    0x08018c79   Thumb Code    54  ffix.o(x$fpl$ffix)
    __aeabi_f2uiz                            0x08018cb1   Thumb Code     0  ffixu.o(x$fpl$ffixu)
    _ffixu                                   0x08018cb1   Thumb Code    62  ffixu.o(x$fpl$ffixu)
    __aeabi_i2f                              0x08018cf1   Thumb Code     0  fflt_clz.o(x$fpl$fflt)
    _fflt                                    0x08018cf1   Thumb Code    48  fflt_clz.o(x$fpl$fflt)
    __aeabi_ui2f                             0x08018d21   Thumb Code     0  fflt_clz.o(x$fpl$ffltu)
    _ffltu                                   0x08018d21   Thumb Code    38  fflt_clz.o(x$fpl$ffltu)
    __aeabi_cfcmple                          0x08018d49   Thumb Code     0  fleqf.o(x$fpl$fleqf)
    _fcmple                                  0x08018d49   Thumb Code   104  fleqf.o(x$fpl$fleqf)
    __fpl_fcmple_InfNaN                      0x08018d9b   Thumb Code     0  fleqf.o(x$fpl$fleqf)
    __aeabi_fmul                             0x08018db1   Thumb Code     0  fmul.o(x$fpl$fmul)
    _fmul                                    0x08018db1   Thumb Code   258  fmul.o(x$fpl$fmul)
    __fpl_fnaninf                            0x08018eb3   Thumb Code   140  fnaninf.o(x$fpl$fnaninf)
    __fpl_fretinf                            0x08018f3f   Thumb Code    10  fretinf.o(x$fpl$fretinf)
    __aeabi_cfrcmple                         0x08018f49   Thumb Code     0  frleqf.o(x$fpl$frleqf)
    _frcmple                                 0x08018f49   Thumb Code    98  frleqf.o(x$fpl$frleqf)
    __aeabi_frsub                            0x08018fab   Thumb Code     0  faddsub_clz.o(x$fpl$frsb)
    _frsb                                    0x08018fab   Thumb Code    20  faddsub_clz.o(x$fpl$frsb)
    __aeabi_fsub                             0x08018fc1   Thumb Code     0  faddsub_clz.o(x$fpl$fsub)
    _fsub                                    0x08018fc1   Thumb Code   234  faddsub_clz.o(x$fpl$fsub)
    __I$use$fp                               0x080190aa   Number         0  usenofp.o(x$fpl$usenofp)
    asc2_1206                                0x080190aa   Data        1140  lcd.o(.constdata)
    asc2_1608                                0x0801951e   Data        1520  lcd.o(.constdata)
    asc2_2412                                0x08019b0e   Data        3420  lcd.o(.constdata)
    FT5206_TPX_TBL                           0x0801a86a   Data          10  ft5206.o(.constdata)
    GT9147_CFG_TBL                           0x0801a874   Data         184  gt9147.o(.constdata)
    GT9147_TPX_TBL                           0x0801a92c   Data          10  gt9147.o(.constdata)
    OTT_TPX_TBL                              0x0801a936   Data          10  ott2001a.o(.constdata)
    TP_REMIND_MSG_TBL                        0x0801a940   Data           4  touch.o(.constdata)
    memtblsize                               0x0801a944   Data           8  malloc.o(.constdata)
    memblksize                               0x0801a94c   Data           8  malloc.o(.constdata)
    memsize                                  0x0801a954   Data           8  malloc.o(.constdata)
    FILE_TYPE_TBL                            0x0801a998   Data         312  exfuns.o(.constdata)
    GBK24_PATH                               0x0801ae90   Data           4  fontupd.o(.constdata)
    GBK16_PATH                               0x0801ae94   Data           4  fontupd.o(.constdata)
    GBK12_PATH                               0x0801ae98   Data           4  fontupd.o(.constdata)
    UNIGBK_PATH                              0x0801ae9c   Data           4  fontupd.o(.constdata)
    icostbl                                  0x0801aea0   Data        2304  gui.o(.constdata)
    pathico                                  0x0801b7a0   Data        2048  gui.o(.constdata)
    _aMaskTbl                                0x0801bfa0   Data          32  gif.o(.constdata)
    _aInterlaceOffset                        0x0801bfc0   Data           4  gif.o(.constdata)
    _aInterlaceYPos                          0x0801bfc4   Data           4  gif.o(.constdata)
    Region$$Table$$Base                      0x0801c780   Number         0  anon$$obj.o(Region$$Table)
    Region$$Table$$Limit                     0x0801c7a0   Number         0  anon$$obj.o(Region$$Table)
    AD_VALUE                                 0x20000000   Data           4  main.o(.data)
    K_voltage                                0x20000004   Data           4  main.o(.data)
    K_current                                0x20000008   Data           4  main.o(.data)
    Voltage                                  0x2000000c   Data           4  main.o(.data)
    Current                                  0x20000010   Data           4  main.o(.data)
    Battery_All                              0x20000014   Data           4  main.o(.data)
    PWM_ctr                                  0x20000018   Data           4  main.o(.data)
    Flag_Mode                                0x2000001c   Data           4  main.o(.data)
    Last_Mode                                0x20000020   Data           4  main.o(.data)
    Mode_System                              0x20000024   Data           4  main.o(.data)
    OUT_B                                    0x20000028   Data           4  main.o(.data)
    Current_MAX                              0x2000002c   Data           4  main.o(.data)
    Voltage_MAX                              0x20000030   Data           4  main.o(.data)
    OUT_V_MIN                                0x20000034   Data           4  main.o(.data)
    V_C                                      0x20000038   Data           4  main.o(.data)
    C_C                                      0x2000003c   Data           4  main.o(.data)
    ctr_step                                 0x20000040   Data           4  main.o(.data)
    P_l                                      0x20000044   Data           4  main.o(.data)
    fuhao                                    0x20000048   Data           4  main.o(.data)
    D_p                                      0x2000004c   Data           4  main.o(.data)
    V_our                                    0x20000050   Data           4  main.o(.data)
    I_our                                    0x20000054   Data           4  main.o(.data)
    SystemCoreClock                          0x20000068   Data           4  system_stm32f10x.o(.data)
    AHBPrescTable                            0x2000006c   Data          16  system_stm32f10x.o(.data)
    POINT_COLOR                              0x2000007e   Data           2  lcd.o(.data)
    BACK_COLOR                               0x20000080   Data           2  lcd.o(.data)
    W25QXX_TYPE                              0x20000082   Data           2  w25qxx.o(.data)
    tp_dev                                   0x20000088   Data          52  touch.o(.data)
    CMD_RDX                                  0x200000bc   Data           1  touch.o(.data)
    CMD_RDY                                  0x200000bd   Data           1  touch.o(.data)
    TransferError                            0x200000ca   Data           1  sdio_sdcard.o(.data)
    TransferEnd                              0x200000cb   Data           1  sdio_sdcard.o(.data)
    tempbuff                                 0x200000cc   Data           4  sdio_sdcard.o(.data)
    RomCode                                  0x200000d0   Data           8  ds2438_driver.o(.data)
    __stdout                                 0x200000dc   Data           4  usart.o(.data)
    USART_RX_STA                             0x200000e0   Data           2  usart.o(.data)
    mallco_dev                               0x200000f8   Data          28  malloc.o(.data)
    FLASH_SECTOR_COUNT                       0x20000114   Data           2  diskio.o(.data)
    fs                                       0x20000124   Data           8  exfuns.o(.data)
    file                                     0x2000012c   Data           4  exfuns.o(.data)
    ftemp                                    0x20000130   Data           4  exfuns.o(.data)
    br                                       0x20000134   Data           4  exfuns.o(.data)
    bw                                       0x20000138   Data           4  exfuns.o(.data)
    fatbuf                                   0x2000013c   Data           4  exfuns.o(.data)
    sys_cmd_tab                              0x20000140   Data          28  usmart.o(.data)
    usmart_nametab                           0x2000015c   Data          40  usmart_config.o(.data)
    usmart_dev                               0x20000184   Data         244  usmart_config.o(.data)
    button                                   0x20000278   Data           4  button.o(.data)
    button1                                  0x2000027c   Data           4  button.o(.data)
    button2                                  0x20000280   Data           4  button.o(.data)
    button3                                  0x20000284   Data           4  button.o(.data)
    GUI_OK_CAPTION_TBL                       0x20000288   Data          12  gui.o(.data)
    GUI_OPTION_CAPTION_TBL                   0x20000294   Data          12  gui.o(.data)
    GUI_BACK_CAPTION_TBL                     0x200002a0   Data          12  gui.o(.data)
    GUI_CANCEL_CAPTION_TBL                   0x200002ac   Data          12  gui.o(.data)
    GUI_QUIT_CAPTION_TBL                     0x200002b8   Data          12  gui.o(.data)
    in_obj                                   0x200002c4   Data          14  gui.o(.data)
    gifdecoding                              0x200002d2   Data           1  gif.o(.data)
    f_jpeg                                   0x200002d4   Data           4  tjpgd.o(.data)
    jpeg_dev                                 0x200002d8   Data           4  tjpgd.o(.data)
    jpg_buffer                               0x200002dc   Data           4  tjpgd.o(.data)
    AD_C                                     0x200002e0   Data          12  main.o(.bss)
    lcddev                                   0x200002ec   Data          14  lcd.o(.bss)
    W25QXX_BUFFER                            0x200002fa   Data        4096  w25qxx.o(.bss)
    SDIO_InitStructure                       0x20001300   Data          24  sdio_sdcard.o(.bss)
    SDIO_CmdInitStructure                    0x20001318   Data          20  sdio_sdcard.o(.bss)
    SDIO_DataInitStructure                   0x2000132c   Data          24  sdio_sdcard.o(.bss)
    SDCardInfo                               0x20001368   Data          88  sdio_sdcard.o(.bss)
    SDIO_DATA_BUFFER                         0x200013c0   Data         512  sdio_sdcard.o(.bss)
    Page0                                    0x200015c0   Data           9  ds2438_driver.o(.bss)
    Page1                                    0x200015c9   Data           9  ds2438_driver.o(.bss)
    USART_RX_BUF                             0x200015d2   Data         200  usart.o(.bss)
    mem1base                                 0x200016a0   Data       40960  malloc.o(.bss)
    mem1mapbase                              0x2000b6a0   Data        2560  malloc.o(.bss)
    fileinfo                                 0x2000c0a0   Data          32  exfuns.o(.bss)
    dir                                      0x2000c0c0   Data          36  exfuns.o(.bss)
    ftinfo                                   0x2000c0e4   Data          33  fontupd.o(.bss)
    gui_phy                                  0x2000c105   Data          23  gui.o(.bss)
    picinfo                                  0x2000c11c   Data          40  piclib.o(.bss)
    pic_phy                                  0x2000c144   Data          20  piclib.o(.bss)
    __libspace_start                         0x2000c158   Data          96  libspace.o(.bss)
    __temporary_stack_top$libspace           0x2000c1b8   Data           0  libspace.o(.bss)
    mem2base                                 0x68000000   Data       983040  malloc.o(.ARM.__AT_0x68000000)
    mem2mapbase                              0x680f0000   Data       61440  malloc.o(.ARM.__AT_0x680F0000)



==============================================================================

Memory Map of the image

  Image Entry point : 0x08000131

  Load Region LR_IROM1 (Base: 0x08000000, Size: 0x0001ca80, Max: 0x00080000, ABSOLUTE, COMPRESSED[0x0001c894])

    Execution Region ER_IROM1 (Base: 0x08000000, Size: 0x0001c7a0, Max: 0x00080000, ABSOLUTE)

    Base Addr    Size         Type   Attr      Idx    E Section Name        Object

    0x08000000   0x00000130   Data   RO          710    RESET               startup_stm32f10x_hd.o
    0x08000130   0x00000008   Code   RO         1292  * !!!main             c_w.l(__main.o)
    0x08000138   0x00000034   Code   RO         1565    !!!scatter          c_w.l(__scatter.o)
    0x0800016c   0x0000005a   Code   RO         1563    !!dczerorl2         c_w.l(__dczerorl2.o)
    0x080001c6   0x00000002   PAD
    0x080001c8   0x0000001c   Code   RO         1567    !!handler_zi        c_w.l(__scatter_zi.o)
    0x080001e4   0x00000000   Code   RO         1279    .ARM.Collect$$_printf_percent$$00000000  c_w.l(_printf_percent.o)
    0x080001e4   0x00000006   Code   RO         1277    .ARM.Collect$$_printf_percent$$00000009  c_w.l(_printf_d.o)
    0x080001ea   0x00000006   Code   RO         1278    .ARM.Collect$$_printf_percent$$0000000A  c_w.l(_printf_u.o)
    0x080001f0   0x00000006   Code   RO         1276    .ARM.Collect$$_printf_percent$$0000000C  c_w.l(_printf_x.o)
    0x080001f6   0x00000006   Code   RO         1274    .ARM.Collect$$_printf_percent$$00000013  c_w.l(_printf_c.o)
    0x080001fc   0x00000006   Code   RO         1275    .ARM.Collect$$_printf_percent$$00000014  c_w.l(_printf_s.o)
    0x08000202   0x00000004   Code   RO         1373    .ARM.Collect$$_printf_percent$$00000017  c_w.l(_printf_percent_end.o)
    0x08000206   0x00000002   Code   RO         1437    .ARM.Collect$$libinit$$00000000  c_w.l(libinit.o)
    0x08000208   0x00000000   Code   RO         1445    .ARM.Collect$$libinit$$00000002  c_w.l(libinit2.o)
    0x08000208   0x00000000   Code   RO         1447    .ARM.Collect$$libinit$$00000004  c_w.l(libinit2.o)
    0x08000208   0x00000000   Code   RO         1450    .ARM.Collect$$libinit$$0000000A  c_w.l(libinit2.o)
    0x08000208   0x00000000   Code   RO         1452    .ARM.Collect$$libinit$$0000000C  c_w.l(libinit2.o)
    0x08000208   0x00000000   Code   RO         1454    .ARM.Collect$$libinit$$0000000E  c_w.l(libinit2.o)
    0x08000208   0x00000000   Code   RO         1457    .ARM.Collect$$libinit$$00000011  c_w.l(libinit2.o)
    0x08000208   0x00000000   Code   RO         1459    .ARM.Collect$$libinit$$00000013  c_w.l(libinit2.o)
    0x08000208   0x00000000   Code   RO         1461    .ARM.Collect$$libinit$$00000015  c_w.l(libinit2.o)
    0x08000208   0x00000000   Code   RO         1463    .ARM.Collect$$libinit$$00000017  c_w.l(libinit2.o)
    0x08000208   0x00000000   Code   RO         1465    .ARM.Collect$$libinit$$00000019  c_w.l(libinit2.o)
    0x08000208   0x00000000   Code   RO         1467    .ARM.Collect$$libinit$$0000001B  c_w.l(libinit2.o)
    0x08000208   0x00000000   Code   RO         1469    .ARM.Collect$$libinit$$0000001D  c_w.l(libinit2.o)
    0x08000208   0x00000000   Code   RO         1471    .ARM.Collect$$libinit$$0000001F  c_w.l(libinit2.o)
    0x08000208   0x00000000   Code   RO         1473    .ARM.Collect$$libinit$$00000021  c_w.l(libinit2.o)
    0x08000208   0x00000000   Code   RO         1475    .ARM.Collect$$libinit$$00000023  c_w.l(libinit2.o)
    0x08000208   0x00000000   Code   RO         1477    .ARM.Collect$$libinit$$00000025  c_w.l(libinit2.o)
    0x08000208   0x00000000   Code   RO         1481    .ARM.Collect$$libinit$$0000002C  c_w.l(libinit2.o)
    0x08000208   0x00000000   Code   RO         1483    .ARM.Collect$$libinit$$0000002E  c_w.l(libinit2.o)
    0x08000208   0x00000000   Code   RO         1485    .ARM.Collect$$libinit$$00000030  c_w.l(libinit2.o)
    0x08000208   0x00000000   Code   RO         1487    .ARM.Collect$$libinit$$00000032  c_w.l(libinit2.o)
    0x08000208   0x00000002   Code   RO         1488    .ARM.Collect$$libinit$$00000033  c_w.l(libinit2.o)
    0x0800020a   0x00000002   Code   RO         1516    .ARM.Collect$$libshutdown$$00000000  c_w.l(libshutdown.o)
    0x0800020c   0x00000000   Code   RO         1531    .ARM.Collect$$libshutdown$$00000003  c_w.l(libshutdown2.o)
    0x0800020c   0x00000000   Code   RO         1534    .ARM.Collect$$libshutdown$$00000006  c_w.l(libshutdown2.o)
    0x0800020c   0x00000000   Code   RO         1537    .ARM.Collect$$libshutdown$$00000009  c_w.l(libshutdown2.o)
    0x0800020c   0x00000000   Code   RO         1539    .ARM.Collect$$libshutdown$$0000000B  c_w.l(libshutdown2.o)
    0x0800020c   0x00000000   Code   RO         1542    .ARM.Collect$$libshutdown$$0000000E  c_w.l(libshutdown2.o)
    0x0800020c   0x00000002   Code   RO         1543    .ARM.Collect$$libshutdown$$0000000F  c_w.l(libshutdown2.o)
    0x0800020e   0x00000000   Code   RO         1362    .ARM.Collect$$rtentry$$00000000  c_w.l(__rtentry.o)
    0x0800020e   0x00000000   Code   RO         1392    .ARM.Collect$$rtentry$$00000002  c_w.l(__rtentry2.o)
    0x0800020e   0x00000006   Code   RO         1404    .ARM.Collect$$rtentry$$00000004  c_w.l(__rtentry4.o)
    0x08000214   0x00000000   Code   RO         1394    .ARM.Collect$$rtentry$$00000009  c_w.l(__rtentry2.o)
    0x08000214   0x00000004   Code   RO         1395    .ARM.Collect$$rtentry$$0000000A  c_w.l(__rtentry2.o)
    0x08000218   0x00000000   Code   RO         1397    .ARM.Collect$$rtentry$$0000000C  c_w.l(__rtentry2.o)
    0x08000218   0x00000008   Code   RO         1398    .ARM.Collect$$rtentry$$0000000D  c_w.l(__rtentry2.o)
    0x08000220   0x00000002   Code   RO         1438    .ARM.Collect$$rtexit$$00000000  c_w.l(rtexit.o)
    0x08000222   0x00000000   Code   RO         1490    .ARM.Collect$$rtexit$$00000002  c_w.l(rtexit2.o)
    0x08000222   0x00000004   Code   RO         1491    .ARM.Collect$$rtexit$$00000003  c_w.l(rtexit2.o)
    0x08000226   0x00000006   Code   RO         1492    .ARM.Collect$$rtexit$$00000004  c_w.l(rtexit2.o)
    0x0800022c   0x00000974   Code   RO            1    .text               main.o
    0x08000ba0   0x0000001a   Code   RO          259    .text               stm32f10x_it.o
    0x08000bba   0x00000002   PAD
    0x08000bbc   0x000001e0   Code   RO          300    .text               system_stm32f10x.o
    0x08000d9c   0x00000130   Code   RO          318    .text               key.o
    0x08000ecc   0x00004a5c   Code   RO          331    .text               lcd.o
    0x08005928   0x00000108   Code   RO          361    .text               spi.o
    0x08005a30   0x00000368   Code   RO          376    .text               w25qxx.o
    0x08005d98   0x00000284   Code   RO          414    .text               ctiic.o
    0x0800601c   0x00000338   Code   RO          429    .text               ft5206.o
    0x08006354   0x00000458   Code   RO          449    .text               gt9147.o
    0x080067ac   0x0000036c   Code   RO          469    .text               ott2001a.o
    0x08006b18   0x00000fb4   Code   RO          485    .text               touch.o
    0x08007acc   0x0000017a   Code   RO          511    .text               24cxx.o
    0x08007c46   0x00000002   PAD
    0x08007c48   0x0000028c   Code   RO          523    .text               myiic.o
    0x08007ed4   0x0000014c   Code   RO          535    .text               adc.o
    0x08008020   0x00000174   Code   RO          548    .text               pwm.o
    0x08008194   0x00000062   Code   RO          560    .text               time.o
    0x080081f6   0x00000002   PAD
    0x080081f8   0x00001c30   Code   RO          590    .text               sdio_sdcard.o
    0x08009e28   0x0000042c   Code   RO          628    .text               ds2438_driver.o
    0x0800a254   0x000000d4   Code   RO          644    .text               delay.o
    0x0800a328   0x0000000c   Code   RO          659    .text               sys.o
    0x0800a334   0x00000130   Code   RO          675    .text               usart.o
    0x0800a464   0x00000040   Code   RO          711    .text               startup_stm32f10x_hd.o
    0x0800a4a4   0x000000dc   Code   RO          715    .text               misc.o
    0x0800a580   0x0000060c   Code   RO          727    .text               stm32f10x_fsmc.o
    0x0800ab8c   0x0000035c   Code   RO          739    .text               stm32f10x_gpio.o
    0x0800aee8   0x000003a4   Code   RO          751    .text               stm32f10x_rcc.o
    0x0800b28c   0x0000030c   Code   RO          765    .text               stm32f10x_spi.o
    0x0800b598   0x00000408   Code   RO          777    .text               stm32f10x_usart.o
    0x0800b9a0   0x00000e1a   Code   RO          789    .text               stm32f10x_tim.o
    0x0800c7ba   0x00000002   PAD
    0x0800c7bc   0x00000254   Code   RO          801    .text               stm32f10x_dma.o
    0x0800ca10   0x000001d4   Code   RO          813    .text               stm32f10x_sdio.o
    0x0800cbe4   0x0000044e   Code   RO          825    .text               stm32f10x_adc.o
    0x0800d032   0x00000002   PAD
    0x0800d034   0x0000022c   Code   RO          861    .text               malloc.o
    0x0800d260   0x00000200   Code   RO          883    .text               diskio.o
    0x0800d460   0x000032e4   Code   RO          905    .text               ff.o
    0x08010744   0x000001a8   Code   RO          926    .text               exfuns.o
    0x080108ec   0x000006c8   Code   RO          950    .text               fattester.o
    0x08010fb4   0x000000cc   Code   RO          966    .text               mycc936.o
    0x08011080   0x00000c38   Code   RO          979    .text               usmart.o
    0x08011cb8   0x00000528   Code   RO         1008    .text               usmart_str.o
    0x080121e0   0x000005d0   Code   RO         1020    .text               fontupd.o
    0x080127b0   0x000002d4   Code   RO         1044    .text               text.o
    0x08012a84   0x00000910   Code   RO         1056    .text               button.o
    0x08013394   0x000017b4   Code   RO         1078    .text               gui.o
    0x08014b48   0x0000088c   Code   RO         1134    .text               bmp.o
    0x080153d4   0x00000ea0   Code   RO         1146    .text               gif.o
    0x08016274   0x000002f0   Code   RO         1165    .text               piclib.o
    0x08016564   0x00001270   Code   RO         1183    .text               tjpgd.o
    0x080177d4   0x00000002   Code   RO         1217    .text               c_w.l(use_no_semi_2.o)
    0x080177d6   0x00000048   Code   RO         1219    .text               c_w.l(llsdiv.o)
    0x0801781e   0x00000002   PAD
    0x08017820   0x00000018   Code   RO         1223    .text               c_w.l(noretval__2printf.o)
    0x08017838   0x0000004e   Code   RO         1227    .text               c_w.l(_printf_pad.o)
    0x08017886   0x00000052   Code   RO         1229    .text               c_w.l(_printf_str.o)
    0x080178d8   0x00000078   Code   RO         1231    .text               c_w.l(_printf_dec.o)
    0x08017950   0x00000058   Code   RO         1236    .text               c_w.l(_printf_hex_int.o)
    0x080179a8   0x00000188   Code   RO         1271    .text               c_w.l(__printf_flags_ss_wp.o)
    0x08017b30   0x00000048   Code   RO         1280    .text               c_w.l(strcpy.o)
    0x08017b78   0x0000003e   Code   RO         1282    .text               c_w.l(strlen.o)
    0x08017bb6   0x00000018   Code   RO         1284    .text               c_w.l(strcat.o)
    0x08017bce   0x0000008a   Code   RO         1286    .text               c_w.l(rt_memcpy_v6.o)
    0x08017c58   0x00000080   Code   RO         1288    .text               c_w.l(strcmpv7m.o)
    0x08017cd8   0x00000006   Code   RO         1290    .text               c_w.l(heapauxi.o)
    0x08017cde   0x00000002   Code   RO         1360    .text               c_w.l(use_no_semi.o)
    0x08017ce0   0x000000ee   Code   RO         1363    .text               c_w.l(lludivv7m.o)
    0x08017dce   0x00000016   Code   RO         1365    .text               c_w.l(_rserrno.o)
    0x08017de4   0x000000b2   Code   RO         1367    .text               c_w.l(_printf_intcommon.o)
    0x08017e96   0x0000002c   Code   RO         1369    .text               c_w.l(_printf_char.o)
    0x08017ec2   0x00000002   PAD
    0x08017ec4   0x00000024   Code   RO         1371    .text               c_w.l(_printf_char_file.o)
    0x08017ee8   0x00000064   Code   RO         1374    .text               c_w.l(rt_memcpy_w.o)
    0x08017f4c   0x00000008   Code   RO         1413    .text               c_w.l(rt_errno_addr_intlibspace.o)
    0x08017f54   0x00000030   Code   RO         1415    .text               c_w.l(_printf_char_common.o)
    0x08017f84   0x00000008   Code   RO         1417    .text               c_w.l(ferror.o)
    0x08017f8c   0x00000008   Code   RO         1421    .text               c_w.l(libspace.o)
    0x08017f94   0x0000004a   Code   RO         1424    .text               c_w.l(sys_stackheap_outer.o)
    0x08017fde   0x0000000c   Code   RO         1430    .text               c_w.l(exit.o)
    0x08017fea   0x0000000e   Code   RO         1264    i._is_digit         c_w.l(__printf_wp.o)
    0x08017ff8   0x0000004c   Code   RO         1353    i.sqrt              m_ws.l(sqrt.o)
    0x08018044   0x00000062   Code   RO         1294    x$fpl$d2f           fz_ws.l(d2f.o)
    0x080180a6   0x00000002   PAD
    0x080180a8   0x00000150   Code   RO         1296    x$fpl$dadd          fz_ws.l(daddsub_clz.o)
    0x080181f8   0x00000018   Code   RO         1376    x$fpl$dcmpinf       fz_ws.l(dcmpi.o)
    0x08018210   0x0000005a   Code   RO         1302    x$fpl$dfixu         fz_ws.l(dfixu.o)
    0x0801826a   0x0000002e   Code   RO         1307    x$fpl$dflt          fz_ws.l(dflt_clz.o)
    0x08018298   0x00000026   Code   RO         1306    x$fpl$dfltu         fz_ws.l(dflt_clz.o)
    0x080182be   0x00000002   PAD
    0x080182c0   0x00000078   Code   RO         1312    x$fpl$dleqf         fz_ws.l(dleqf.o)
    0x08018338   0x00000154   Code   RO         1314    x$fpl$dmul          fz_ws.l(dmul.o)
    0x0801848c   0x0000009c   Code   RO         1378    x$fpl$dnaninf       fz_ws.l(dnaninf.o)
    0x08018528   0x0000000c   Code   RO         1380    x$fpl$dretinf       fz_ws.l(dretinf.o)
    0x08018534   0x0000006c   Code   RO         1316    x$fpl$drleqf        fz_ws.l(drleqf.o)
    0x080185a0   0x00000016   Code   RO         1297    x$fpl$drsb          fz_ws.l(daddsub_clz.o)
    0x080185b6   0x00000002   PAD
    0x080185b8   0x000001cc   Code   RO         1382    x$fpl$dsqrt         fz_ws.l(dsqrt_noumaal.o)
    0x08018784   0x000001d4   Code   RO         1298    x$fpl$dsub          fz_ws.l(daddsub_clz.o)
    0x08018958   0x00000056   Code   RO         1318    x$fpl$f2d           fz_ws.l(f2d.o)
    0x080189ae   0x00000002   PAD
    0x080189b0   0x000000c4   Code   RO         1320    x$fpl$fadd          fz_ws.l(faddsub_clz.o)
    0x08018a74   0x00000018   Code   RO         1384    x$fpl$fcmpinf       fz_ws.l(fcmpi.o)
    0x08018a8c   0x00000184   Code   RO         1327    x$fpl$fdiv          fz_ws.l(fdiv.o)
    0x08018c10   0x00000068   Code   RO         1330    x$fpl$feqf          fz_ws.l(feqf.o)
    0x08018c78   0x00000036   Code   RO         1332    x$fpl$ffix          fz_ws.l(ffix.o)
    0x08018cae   0x00000002   PAD
    0x08018cb0   0x0000003e   Code   RO         1336    x$fpl$ffixu         fz_ws.l(ffixu.o)
    0x08018cee   0x00000002   PAD
    0x08018cf0   0x00000030   Code   RO         1341    x$fpl$fflt          fz_ws.l(fflt_clz.o)
    0x08018d20   0x00000026   Code   RO         1340    x$fpl$ffltu         fz_ws.l(fflt_clz.o)
    0x08018d46   0x00000002   PAD
    0x08018d48   0x00000068   Code   RO         1346    x$fpl$fleqf         fz_ws.l(fleqf.o)
    0x08018db0   0x00000102   Code   RO         1348    x$fpl$fmul          fz_ws.l(fmul.o)
    0x08018eb2   0x0000008c   Code   RO         1386    x$fpl$fnaninf       fz_ws.l(fnaninf.o)
    0x08018f3e   0x0000000a   Code   RO         1388    x$fpl$fretinf       fz_ws.l(fretinf.o)
    0x08018f48   0x00000062   Code   RO         1350    x$fpl$frleqf        fz_ws.l(frleqf.o)
    0x08018faa   0x00000014   Code   RO         1321    x$fpl$frsb          fz_ws.l(faddsub_clz.o)
    0x08018fbe   0x00000002   PAD
    0x08018fc0   0x000000ea   Code   RO         1322    x$fpl$fsub          fz_ws.l(faddsub_clz.o)
    0x080190aa   0x00000000   Code   RO         1390    x$fpl$usenofp       fz_ws.l(usenofp.o)
    0x080190aa   0x000017c0   Data   RO          333    .constdata          lcd.o
    0x0801a86a   0x0000000a   Data   RO          430    .constdata          ft5206.o
    0x0801a874   0x000000c2   Data   RO          450    .constdata          gt9147.o
    0x0801a936   0x0000000a   Data   RO          470    .constdata          ott2001a.o
    0x0801a940   0x00000004   Data   RO          486    .constdata          touch.o
    0x0801a944   0x00000018   Data   RO          865    .constdata          malloc.o
    0x0801a95c   0x0000003a   Data   RO          906    .constdata          ff.o
    0x0801a996   0x00000002   PAD
    0x0801a998   0x00000138   Data   RO          928    .constdata          exfuns.o
    0x0801aad0   0x000003c0   Data   RO          967    .constdata          mycc936.o
    0x0801ae90   0x00000010   Data   RO         1022    .constdata          fontupd.o
    0x0801aea0   0x00001100   Data   RO         1080    .constdata          gui.o
    0x0801bfa0   0x00000028   Data   RO         1147    .constdata          gif.o
    0x0801bfc8   0x000004c0   Data   RO         1184    .constdata          tjpgd.o
    0x0801c488   0x00000028   Data   RO         1237    .constdata          c_w.l(_printf_hex_int.o)
    0x0801c4b0   0x00000011   Data   RO         1272    .constdata          c_w.l(__printf_flags_ss_wp.o)
    0x0801c4c1   0x00000003   PAD
    0x0801c4c4   0x00000079   Data   RO          487    .conststring        touch.o
    0x0801c53d   0x00000003   PAD
    0x0801c540   0x00000060   Data   RO          929    .conststring        exfuns.o
    0x0801c5a0   0x00000028   Data   RO          980    .conststring        usmart.o
    0x0801c5c8   0x000000fc   Data   RO          995    .conststring        usmart_config.o
    0x0801c6c4   0x0000005f   Data   RO         1023    .conststring        fontupd.o
    0x0801c723   0x00000001   PAD
    0x0801c724   0x00000059   Data   RO         1081    .conststring        gui.o
    0x0801c77d   0x00000003   PAD
    0x0801c780   0x00000020   Data   RO         1561    Region$$Table       anon$$obj.o


    Execution Region RW_IRAM1 (Base: 0x20000000, Size: 0x0000c7b8, Max: 0x00010000, ABSOLUTE, COMPRESSED[0x000000f4])

    Base Addr    Size         Type   Attr      Idx    E Section Name        Object

    0x20000000   0x00000068   Data   RW            3    .data               main.o
    0x20000068   0x00000014   Data   RW          301    .data               system_stm32f10x.o
    0x2000007c   0x00000001   Data   RW          319    .data               key.o
    0x2000007d   0x00000001   PAD
    0x2000007e   0x00000004   Data   RW          334    .data               lcd.o
    0x20000082   0x00000002   Data   RW          378    .data               w25qxx.o
    0x20000084   0x00000001   Data   RW          431    .data               ft5206.o
    0x20000085   0x00000001   Data   RW          451    .data               gt9147.o
    0x20000086   0x00000001   Data   RW          471    .data               ott2001a.o
    0x20000087   0x00000001   PAD
    0x20000088   0x00000036   Data   RW          488    .data               touch.o
    0x200000be   0x00000002   PAD
    0x200000c0   0x00000010   Data   RW          592    .data               sdio_sdcard.o
    0x200000d0   0x00000008   Data   RW          630    .data               ds2438_driver.o
    0x200000d8   0x00000004   Data   RW          645    .data               delay.o
    0x200000dc   0x00000006   Data   RW          677    .data               usart.o
    0x200000e2   0x00000014   Data   RW          752    .data               stm32f10x_rcc.o
    0x200000f6   0x00000002   PAD
    0x200000f8   0x0000001c   Data   RW          866    .data               malloc.o
    0x20000114   0x00000002   Data   RW          884    .data               diskio.o
    0x20000116   0x00000002   PAD
    0x20000118   0x0000000a   Data   RW          907    .data               ff.o
    0x20000122   0x00000002   PAD
    0x20000124   0x0000001c   Data   RW          930    .data               exfuns.o
    0x20000140   0x0000001c   Data   RW          981    .data               usmart.o
    0x2000015c   0x0000011c   Data   RW          996    .data               usmart_config.o
    0x20000278   0x00000010   Data   RW         1057    .data               button.o
    0x20000288   0x0000004a   Data   RW         1082    .data               gui.o
    0x200002d2   0x00000001   Data   RW         1148    .data               gif.o
    0x200002d3   0x00000001   PAD
    0x200002d4   0x0000000c   Data   RW         1185    .data               tjpgd.o
    0x200002e0   0x0000000c   Zero   RW            2    .bss                main.o
    0x200002ec   0x0000000e   Zero   RW          332    .bss                lcd.o
    0x200002fa   0x00001000   Zero   RW          377    .bss                w25qxx.o
    0x200012fa   0x00000006   PAD
    0x20001300   0x000002c0   Zero   RW          591    .bss                sdio_sdcard.o
    0x200015c0   0x00000012   Zero   RW          629    .bss                ds2438_driver.o
    0x200015d2   0x000000c8   Zero   RW          676    .bss                usart.o
    0x2000169a   0x00000006   PAD
    0x200016a0   0x0000aa00   Zero   RW          864    .bss                malloc.o
    0x2000c0a0   0x00000044   Zero   RW          927    .bss                exfuns.o
    0x2000c0e4   0x00000021   Zero   RW         1021    .bss                fontupd.o
    0x2000c105   0x00000017   Zero   RW         1079    .bss                gui.o
    0x2000c11c   0x0000003c   Zero   RW         1166    .bss                piclib.o
    0x2000c158   0x00000060   Zero   RW         1422    .bss                c_w.l(libspace.o)
    0x2000c1b8   0x00000200   Zero   RW          709    HEAP                startup_stm32f10x_hd.o
    0x2000c3b8   0x00000400   Zero   RW          708    STACK               startup_stm32f10x_hd.o



  Load Region LR$$.ARM.__AT_0x68000000 (Base: 0x68000000, Size: 0x00000000, Max: 0x000f0000, ABSOLUTE)

    Execution Region ER$$.ARM.__AT_0x68000000 (Base: 0x68000000, Size: 0x000f0000, Max: 0x000f0000, ABSOLUTE, UNINIT)

    Base Addr    Size         Type   Attr      Idx    E Section Name        Object

    0x68000000   0x000f0000   Zero   RW          862    .ARM.__AT_0x68000000  malloc.o



  Load Region LR$$.ARM.__AT_0x680F0000 (Base: 0x680f0000, Size: 0x00000000, Max: 0x0000f000, ABSOLUTE)

    Execution Region ER$$.ARM.__AT_0x680F0000 (Base: 0x680f0000, Size: 0x0000f000, Max: 0x0000f000, ABSOLUTE, UNINIT)

    Base Addr    Size         Type   Attr      Idx    E Section Name        Object

    0x680f0000   0x0000f000   Zero   RW          863    .ARM.__AT_0x680F0000  malloc.o

